Archive member included to satisfy reference by file (symbol)

c:/ac6/systemworkbench/plugins/fr.ac6.mcu.externaltools.arm-none.win32_1.16.0.201807130628/tools/compiler/bin/../lib/gcc/arm-none-eabi/7.2.1/../../../../arm-none-eabi/lib/thumb/v7-m\libm.a(lib_a-w_log.o)
                              Src/main.o (log)
c:/ac6/systemworkbench/plugins/fr.ac6.mcu.externaltools.arm-none.win32_1.16.0.201807130628/tools/compiler/bin/../lib/gcc/arm-none-eabi/7.2.1/../../../../arm-none-eabi/lib/thumb/v7-m\libm.a(lib_a-e_log.o)
                              c:/ac6/systemworkbench/plugins/fr.ac6.mcu.externaltools.arm-none.win32_1.16.0.201807130628/tools/compiler/bin/../lib/gcc/arm-none-eabi/7.2.1/../../../../arm-none-eabi/lib/thumb/v7-m\libm.a(lib_a-w_log.o) (__ieee754_log)
c:/ac6/systemworkbench/plugins/fr.ac6.mcu.externaltools.arm-none.win32_1.16.0.201807130628/tools/compiler/bin/../lib/gcc/arm-none-eabi/7.2.1/../../../../arm-none-eabi/lib/thumb/v7-m\libm.a(lib_a-s_lib_ver.o)
                              c:/ac6/systemworkbench/plugins/fr.ac6.mcu.externaltools.arm-none.win32_1.16.0.201807130628/tools/compiler/bin/../lib/gcc/arm-none-eabi/7.2.1/../../../../arm-none-eabi/lib/thumb/v7-m\libm.a(lib_a-w_log.o) (__fdlib_version)
c:/ac6/systemworkbench/plugins/fr.ac6.mcu.externaltools.arm-none.win32_1.16.0.201807130628/tools/compiler/bin/../lib/gcc/arm-none-eabi/7.2.1/../../../../arm-none-eabi/lib/thumb/v7-m\libm.a(lib_a-s_matherr.o)
                              c:/ac6/systemworkbench/plugins/fr.ac6.mcu.externaltools.arm-none.win32_1.16.0.201807130628/tools/compiler/bin/../lib/gcc/arm-none-eabi/7.2.1/../../../../arm-none-eabi/lib/thumb/v7-m\libm.a(lib_a-w_log.o) (matherr)
c:/ac6/systemworkbench/plugins/fr.ac6.mcu.externaltools.arm-none.win32_1.16.0.201807130628/tools/compiler/bin/../lib/gcc/arm-none-eabi/7.2.1/../../../../arm-none-eabi/lib/thumb/v7-m\libm.a(lib_a-s_nan.o)
                              c:/ac6/systemworkbench/plugins/fr.ac6.mcu.externaltools.arm-none.win32_1.16.0.201807130628/tools/compiler/bin/../lib/gcc/arm-none-eabi/7.2.1/../../../../arm-none-eabi/lib/thumb/v7-m\libm.a(lib_a-w_log.o) (nan)
c:/ac6/systemworkbench/plugins/fr.ac6.mcu.externaltools.arm-none.win32_1.16.0.201807130628/tools/compiler/bin/../lib/gcc/arm-none-eabi/7.2.1/thumb/v7-m\libgcc.a(_arm_addsubdf3.o)
                              Src/main.o (__aeabi_dsub)
c:/ac6/systemworkbench/plugins/fr.ac6.mcu.externaltools.arm-none.win32_1.16.0.201807130628/tools/compiler/bin/../lib/gcc/arm-none-eabi/7.2.1/thumb/v7-m\libgcc.a(_arm_muldivdf3.o)
                              Src/main.o (__aeabi_dmul)
c:/ac6/systemworkbench/plugins/fr.ac6.mcu.externaltools.arm-none.win32_1.16.0.201807130628/tools/compiler/bin/../lib/gcc/arm-none-eabi/7.2.1/thumb/v7-m\libgcc.a(_arm_cmpdf2.o)
                              c:/ac6/systemworkbench/plugins/fr.ac6.mcu.externaltools.arm-none.win32_1.16.0.201807130628/tools/compiler/bin/../lib/gcc/arm-none-eabi/7.2.1/../../../../arm-none-eabi/lib/thumb/v7-m\libm.a(lib_a-w_log.o) (__aeabi_dcmpeq)
c:/ac6/systemworkbench/plugins/fr.ac6.mcu.externaltools.arm-none.win32_1.16.0.201807130628/tools/compiler/bin/../lib/gcc/arm-none-eabi/7.2.1/thumb/v7-m\libgcc.a(_arm_unorddf2.o)
                              c:/ac6/systemworkbench/plugins/fr.ac6.mcu.externaltools.arm-none.win32_1.16.0.201807130628/tools/compiler/bin/../lib/gcc/arm-none-eabi/7.2.1/../../../../arm-none-eabi/lib/thumb/v7-m\libm.a(lib_a-w_log.o) (__aeabi_dcmpun)
c:/ac6/systemworkbench/plugins/fr.ac6.mcu.externaltools.arm-none.win32_1.16.0.201807130628/tools/compiler/bin/../lib/gcc/arm-none-eabi/7.2.1/thumb/v7-m\libgcc.a(_arm_truncdfsf2.o)
                              Src/main.o (__aeabi_d2f)
c:/ac6/systemworkbench/plugins/fr.ac6.mcu.externaltools.arm-none.win32_1.16.0.201807130628/tools/compiler/bin/../lib/gcc/arm-none-eabi/7.2.1/thumb/v7-m\libgcc.a(_arm_addsubsf3.o)
                              Src/main.o (__aeabi_ui2f)
c:/ac6/systemworkbench/plugins/fr.ac6.mcu.externaltools.arm-none.win32_1.16.0.201807130628/tools/compiler/bin/../lib/gcc/arm-none-eabi/7.2.1/thumb/v7-m\libgcc.a(_arm_muldivsf3.o)
                              Src/main.o (__aeabi_fmul)
c:/ac6/systemworkbench/plugins/fr.ac6.mcu.externaltools.arm-none.win32_1.16.0.201807130628/tools/compiler/bin/../lib/gcc/arm-none-eabi/7.2.1/../../../../arm-none-eabi/lib/thumb/v7-m\libc_nano.a(lib_a-errno.o)
                              Src/syscalls.o (__errno)
c:/ac6/systemworkbench/plugins/fr.ac6.mcu.externaltools.arm-none.win32_1.16.0.201807130628/tools/compiler/bin/../lib/gcc/arm-none-eabi/7.2.1/../../../../arm-none-eabi/lib/thumb/v7-m\libc_nano.a(lib_a-exit.o)
                              c:/ac6/systemworkbench/plugins/fr.ac6.mcu.externaltools.arm-none.win32_1.16.0.201807130628/tools/compiler/bin/../lib/gcc/arm-none-eabi/7.2.1/../../../../arm-none-eabi/lib/thumb/v7-m/crt0.o (exit)
[...]
Memory Configuration

Name             Origin             Length             Attributes
RAM              0x20000000         0x00005000         xrw
FLASH            0x08000000         0x00020000         xr
*default*        0x00000000         0xffffffff

Linker script and memory map

LOAD c:/ac6/systemworkbench/plugins/fr.ac6.mcu.externaltools.arm-none.win32_1.16.0.201807130628/tools/compiler/bin/../lib/gcc/arm-none-eabi/7.2.1/thumb/v7-m/crti.o
LOAD c:/ac6/systemworkbench/plugins/fr.ac6.mcu.externaltools.arm-none.win32_1.16.0.201807130628/tools/compiler/bin/../lib/gcc/arm-none-eabi/7.2.1/thumb/v7-m/crtbegin.o
LOAD c:/ac6/systemworkbench/plugins/fr.ac6.mcu.externaltools.arm-none.win32_1.16.0.201807130628/tools/compiler/bin/../lib/gcc/arm-none-eabi/7.2.1/../../../../arm-none-eabi/lib/thumb/v7-m/crt0.o
LOAD Drivers/STM32F1xx_HAL_Driver/Src/stm32f1xx_hal.o
LOAD Drivers/STM32F1xx_HAL_Driver/Src/stm32f1xx_hal_adc.o
LOAD Drivers/STM32F1xx_HAL_Driver/Src/stm32f1xx_hal_adc_ex.o
LOAD Drivers/STM32F1xx_HAL_Driver/Src/stm32f1xx_hal_cortex.o
LOAD Drivers/STM32F1xx_HAL_Driver/Src/stm32f1xx_hal_dma.o
LOAD Drivers/STM32F1xx_HAL_Driver/Src/stm32f1xx_hal_exti.o
LOAD Drivers/STM32F1xx_HAL_Driver/Src/stm32f1xx_hal_flash.o
LOAD Drivers/STM32F1xx_HAL_Driver/Src/stm32f1xx_hal_flash_ex.o
LOAD Drivers/STM32F1xx_HAL_Driver/Src/stm32f1xx_hal_gpio.o
LOAD Drivers/STM32F1xx_HAL_Driver/Src/stm32f1xx_hal_gpio_ex.o
LOAD Drivers/STM32F1xx_HAL_Driver/Src/stm32f1xx_hal_pwr.o
LOAD Drivers/STM32F1xx_HAL_Driver/Src/stm32f1xx_hal_rcc.o
LOAD Drivers/STM32F1xx_HAL_Driver/Src/stm32f1xx_hal_rcc_ex.o
LOAD Drivers/STM32F1xx_HAL_Driver/Src/stm32f1xx_hal_tim.o
LOAD Drivers/STM32F1xx_HAL_Driver/Src/stm32f1xx_hal_tim_ex.o
LOAD Src/LCD.o
LOAD Src/main.o
LOAD Src/stm32f1xx_hal_msp.o
LOAD Src/stm32f1xx_it.o
LOAD Src/syscalls.o
LOAD Src/system_stm32f1xx.o
LOAD startup/startup_stm32f103xb.o
LOAD c:/ac6/systemworkbench/plugins/fr.ac6.mcu.externaltools.arm-none.win32_1.16.0.201807130628/tools/compiler/bin/../lib/gcc/arm-none-eabi/7.2.1/../../../../arm-none-eabi/lib/thumb/v7-m\librdimon_nano.a
LOAD c:/ac6/systemworkbench/plugins/fr.ac6.mcu.externaltools.arm-none.win32_1.16.0.201807130628/tools/compiler/bin/../lib/gcc/arm-none-eabi/7.2.1/../../../../arm-none-eabi/lib/thumb/v7-m\libm.a
START GROUP
LOAD c:/ac6/systemworkbench/plugins/fr.ac6.mcu.externaltools.arm-none.win32_1.16.0.201807130628/tools/compiler/bin/../lib/gcc/arm-none-eabi/7.2.1/thumb/v7-m\libgcc.a
LOAD c:/ac6/systemworkbench/plugins/fr.ac6.mcu.externaltools.arm-none.win32_1.16.0.201807130628/tools/compiler/bin/../lib/gcc/arm-none-eabi/7.2.1/../../../../arm-none-eabi/lib/thumb/v7-m\libc_nano.a
END GROUP
START GROUP
LOAD c:/ac6/systemworkbench/plugins/fr.ac6.mcu.externaltools.arm-none.win32_1.16.0.201807130628/tools/compiler/bin/../lib/gcc/arm-none-eabi/7.2.1/thumb/v7-m\libgcc.a
LOAD c:/ac6/systemworkbench/plugins/fr.ac6.mcu.externaltools.arm-none.win32_1.16.0.201807130628/tools/compiler/bin/../lib/gcc/arm-none-eabi/7.2.1/../../../../arm-none-eabi/lib/thumb/v7-m\libc_nano.a
LOAD c:/ac6/systemworkbench/plugins/fr.ac6.mcu.externaltools.arm-none.win32_1.16.0.201807130628/tools/compiler/bin/../lib/gcc/arm-none-eabi/7.2.1/../../../../arm-none-eabi/lib/thumb/v7-m\libnosys.a
END GROUP
START GROUP
LOAD c:/ac6/systemworkbench/plugins/fr.ac6.mcu.externaltools.arm-none.win32_1.16.0.201807130628/tools/compiler/bin/../lib/gcc/arm-none-eabi/7.2.1/thumb/v7-m\libgcc.a
LOAD c:/ac6/systemworkbench/plugins/fr.ac6.mcu.externaltools.arm-none.win32_1.16.0.201807130628/tools/compiler/bin/../lib/gcc/arm-none-eabi/7.2.1/../../../../arm-none-eabi/lib/thumb/v7-m\libc_nano.a
LOAD c:/ac6/systemworkbench/plugins/fr.ac6.mcu.externaltools.arm-none.win32_1.16.0.201807130628/tools/compiler/bin/../lib/gcc/arm-none-eabi/7.2.1/../../../../arm-none-eabi/lib/thumb/v7-m\libnosys.a
END GROUP
LOAD c:/ac6/systemworkbench/plugins/fr.ac6.mcu.externaltools.arm-none.win32_1.16.0.201807130628/tools/compiler/bin/../lib/gcc/arm-none-eabi/7.2.1/thumb/v7-m/crtend.o
LOAD c:/ac6/systemworkbench/plugins/fr.ac6.mcu.externaltools.arm-none.win32_1.16.0.201807130628/tools/compiler/bin/../lib/gcc/arm-none-eabi/7.2.1/thumb/v7-m/crtn.o
                0x20005000                _estack = 0x20005000
                0x00000200                _Min_Heap_Size = 0x200
                0x00000400                _Min_Stack_Size = 0x400

.isr_vector     0x08000000      0x10c
                0x08000000                . = ALIGN (0x4)
 *(.isr_vector)
 .isr_vector    0x08000000      0x10c startup/startup_stm32f103xb.o
                0x08000000                g_pfnVectors
                0x0800010c                . = ALIGN (0x4)

.text           0x08000110     0x519c
                0x08000110                . = ALIGN (0x4)
 *(.text)
 .text          0x08000110       0x40 c:/ac6/systemworkbench/plugins/fr.ac6.mcu.externaltools.arm-none.win32_1.16.0.201807130628/tools/compiler/bin/../lib/gcc/arm-none-eabi/7.2.1/thumb/v7-m/crtbegin.o
 .text          0x08000150      0x378 c:/ac6/systemworkbench/plugins/fr.ac6.mcu.externaltools.arm-none.win32_1.16.0.201807130628/tools/compiler/bin/../lib/gcc/arm-none-eabi/7.2.1/thumb/v7-m\libgcc.a(_arm_addsubdf3.o)
                0x08000150                __aeabi_drsub
                0x08000158                __aeabi_dsub
                0x08000158                __subdf3
                0x0800015c                __aeabi_dadd
                0x0800015c                __adddf3
                0x080003d4                __floatunsidf
                0x080003d4                __aeabi_ui2d
                0x080003f4                __floatsidf
                0x080003f4                __aeabi_i2d
                0x08000418                __aeabi_f2d
                0x08000418                __extendsfdf2
                0x0800045c                __floatundidf
                0x0800045c                __aeabi_ul2d
                0x0800046c                __floatdidf
                0x0800046c                __aeabi_l2d
 .text          0x080004c8      0x424 c:/ac6/systemworkbench/plugins/fr.ac6.mcu.externaltools.arm-none.win32_1.16.0.201807130628/tools/compiler/bin/../lib/gcc/arm-none-eabi/7.2.1/thumb/v7-m\libgcc.a(_arm_muldivdf3.o)
                0x080004c8                __aeabi_dmul
                0x080004c8                __muldf3
                0x0800071c                __divdf3
                0x0800071c                __aeabi_ddiv
 .text          0x080008ec      0x110 c:/ac6/systemworkbench/plugins/fr.ac6.mcu.externaltools.arm-none.win32_1.16.0.201807130628/tools/compiler/bin/../lib/gcc/arm-none-eabi/7.2.1/thumb/v7-m\libgcc.a(_arm_cmpdf2.o)
                0x080008ec                __gtdf2
                0x080008ec                __gedf2
                0x080008f4                __ltdf2
                0x080008f4                __ledf2
                0x080008fc                __nedf2
                0x080008fc                __eqdf2
                0x080008fc                __cmpdf2
                0x08000978                __aeabi_cdrcmple
                0x08000988                __aeabi_cdcmpeq
                0x08000988                __aeabi_cdcmple
                0x08000998                __aeabi_dcmpeq
                0x080009ac                __aeabi_dcmplt
                0x080009c0                __aeabi_dcmple
                0x080009d4                __aeabi_dcmpge
                0x080009e8                __aeabi_dcmpgt
 .text          0x080009fc       0x2c c:/ac6/systemworkbench/plugins/fr.ac6.mcu.externaltools.arm-none.win32_1.16.0.201807130628/tools/compiler/bin/../lib/gcc/arm-none-eabi/7.2.1/thumb/v7-m\libgcc.a(_arm_unorddf2.o)
                0x080009fc                __unorddf2
                0x080009fc                __aeabi_dcmpun
 .text          0x08000a28       0xa0 c:/ac6/systemworkbench/plugins/fr.ac6.mcu.externaltools.arm-none.win32_1.16.0.201807130628/tools/compiler/bin/../lib/gcc/arm-none-eabi/7.2.1/thumb/v7-m\libgcc.a(_arm_truncdfsf2.o)
                0x08000a28                __truncdfsf2
                0x08000a28                __aeabi_d2f
 .text          0x08000ac8      0x21c c:/ac6/systemworkbench/plugins/fr.ac6.mcu.externaltools.arm-none.win32_1.16.0.201807130628/tools/compiler/bin/../lib/gcc/arm-none-eabi/7.2.1/thumb/v7-m\libgcc.a(_arm_addsubsf3.o)
                0x08000ac8                __aeabi_frsub
                0x08000ad0                __subsf3
                0x08000ad0                __aeabi_fsub
                0x08000ad4                __aeabi_fadd
                0x08000ad4                __addsf3
                0x08000c34                __aeabi_ui2f
                0x08000c34                __floatunsisf
                0x08000c3c                __aeabi_i2f
                0x08000c3c                __floatsisf
                0x08000c58                __aeabi_ul2f
                0x08000c58                __floatundisf
                0x08000c68                __aeabi_l2f
                0x08000c68                __floatdisf
 .text          0x08000ce4      0x2a0 c:/ac6/systemworkbench/plugins/fr.ac6.mcu.externaltools.arm-none.win32_1.16.0.201807130628/tools/compiler/bin/../lib/gcc/arm-none-eabi/7.2.1/thumb/v7-m\libgcc.a(_arm_muldivsf3.o)
                0x08000ce4                __mulsf3
                0x08000ce4                __aeabi_fmul
                0x08000e4c                __aeabi_fdiv
                0x08000e4c                __divsf3
 .text          0x08000f84       0x10 c:/ac6/systemworkbench/plugins/fr.ac6.mcu.externaltools.arm-none.win32_1.16.0.201807130628/tools/compiler/bin/../lib/gcc/arm-none-eabi/7.2.1/../../../../arm-none-eabi/lib/thumb/v7-m\libc_nano.a(lib_a-strlen.o)
                0x08000f84                strlen
 .text          0x08000f94       0x50 c:/ac6/systemworkbench/plugins/fr.ac6.mcu.externaltools.arm-none.win32_1.16.0.201807130628/tools/compiler/bin/../lib/gcc/arm-none-eabi/7.2.1/thumb/v7-m\libgcc.a(_arm_fixdfsi.o)
                0x08000f94                __aeabi_d2iz
                0x08000f94                __fixdfsi
 *(.text*)
 .text.HAL_InitTick
                0x08000fe4       0x48 Drivers/STM32F1xx_HAL_Driver/Src/stm32f1xx_hal.o
                0x08000fe4                HAL_InitTick
 .text.HAL_Init
                0x0800102c       0x24 Drivers/STM32F1xx_HAL_Driver/Src/stm32f1xx_hal.o
                0x0800102c                HAL_Init
 .text.HAL_IncTick
                0x08001050       0x18 Drivers/STM32F1xx_HAL_Driver/Src/stm32f1xx_hal.o
                0x08001050                HAL_IncTick
 .text.HAL_GetTick
                0x08001068        0xc Drivers/STM32F1xx_HAL_Driver/Src/stm32f1xx_hal.o
                0x08001068                HAL_GetTick
 .text.HAL_Delay
                0x08001074       0x28 Drivers/STM32F1xx_HAL_Driver/Src/stm32f1xx_hal.o
                0x08001074                HAL_Delay
 .text.HAL_ADC_GetValue
                0x0800109c        0x6 Drivers/STM32F1xx_HAL_Driver/Src/stm32f1xx_hal_adc.o
                0x0800109c                HAL_ADC_GetValue
 *fill*         0x080010a2        0x2 
 .text.HAL_ADC_ConfigChannel
                0x080010a4      0x138 Drivers/STM32F1xx_HAL_Driver/Src/stm32f1xx_hal_adc.o
                0x080010a4                HAL_ADC_ConfigChannel
 .text.ADC_Enable
                0x080011dc       0x80 Drivers/STM32F1xx_HAL_Driver/Src/stm32f1xx_hal_adc.o
                0x080011dc                ADC_Enable
 .text.HAL_ADC_Start
                0x0800125c       0xec Drivers/STM32F1xx_HAL_Driver/Src/stm32f1xx_hal_adc.o
                0x0800125c                HAL_ADC_Start
 .text.ADC_ConversionStop_Disable
                0x08001348       0x4c Drivers/STM32F1xx_HAL_Driver/Src/stm32f1xx_hal_adc.o
                0x08001348                ADC_ConversionStop_Disable
 .text.HAL_ADC_Init
                0x08001394      0x110 Drivers/STM32F1xx_HAL_Driver/Src/stm32f1xx_hal_adc.o
                0x08001394                HAL_ADC_Init
 .text.HAL_NVIC_SetPriorityGrouping
                0x080014a4       0x24 Drivers/STM32F1xx_HAL_Driver/Src/stm32f1xx_hal_cortex.o
                0x080014a4                HAL_NVIC_SetPriorityGrouping
 .text.HAL_NVIC_SetPriority
                0x080014c8       0x68 Drivers/STM32F1xx_HAL_Driver/Src/stm32f1xx_hal_cortex.o
                0x080014c8                HAL_NVIC_SetPriority
 .text.HAL_SYSTICK_Config
                0x08001530       0x2c Drivers/STM32F1xx_HAL_Driver/Src/stm32f1xx_hal_cortex.o
                0x08001530                HAL_SYSTICK_Config
 .text.HAL_GPIO_Init
                0x0800155c      0x1d8 Drivers/STM32F1xx_HAL_Driver/Src/stm32f1xx_hal_gpio.o
                0x0800155c                HAL_GPIO_Init
 .text.HAL_GPIO_WritePin
                0x08001734        0xc Drivers/STM32F1xx_HAL_Driver/Src/stm32f1xx_hal_gpio.o
                0x08001734                HAL_GPIO_WritePin
 .text.RCC_Delay
                0x08001740       0x2c Drivers/STM32F1xx_HAL_Driver/Src/stm32f1xx_hal_rcc.o
 .text.HAL_RCC_OscConfig
                0x0800176c      0x410 Drivers/STM32F1xx_HAL_Driver/Src/stm32f1xx_hal_rcc.o
                0x0800176c                HAL_RCC_OscConfig
 .text.HAL_RCC_GetSysClockFreq
                0x08001b7c       0x70 Drivers/STM32F1xx_HAL_Driver/Src/stm32f1xx_hal_rcc.o
                0x08001b7c                HAL_RCC_GetSysClockFreq
 .text.HAL_RCC_ClockConfig
                0x08001bec      0x168 Drivers/STM32F1xx_HAL_Driver/Src/stm32f1xx_hal_rcc.o
                0x08001bec                HAL_RCC_ClockConfig
 .text.HAL_RCCEx_PeriphCLKConfig
                0x08001d54      0x114 Drivers/STM32F1xx_HAL_Driver/Src/stm32f1xx_hal_rcc_ex.o
                0x08001d54                HAL_RCCEx_PeriphCLKConfig
 .text.lcdClrScr
                0x08001e68        0xa Src/LCD.o
                0x08001e68                lcdClrScr
 .text.lcdReturnToHome
                0x08001e72        0xa Src/LCD.o
                0x08001e72                lcdReturnToHome
 .text.lcdFuncSet
                0x08001e7c        0x8 Src/LCD.o
                0x08001e7c                lcdFuncSet
 .text.lcdEntryMode
                0x08001e84        0xa Src/LCD.o
                0x08001e84                lcdEntryMode
 .text.lcdDisplayStatus
                0x08001e8e        0x8 Src/LCD.o
                0x08001e8e                lcdDisplayStatus
 .text.lcdGotoNextLine
                0x08001e96        0xa Src/LCD.o
                0x08001e96                lcdGotoNextLine
 .text.lcdSetLocation
                0x08001ea0       0x1e Src/LCD.o
                0x08001ea0                lcdSetLocation
 .text.lcdInit  0x08001ebe       0x18 Src/LCD.o
                0x08001ebe                lcdInit
 .text.lcdSetCustomLoc
                0x08001ed6       0x10 Src/LCD.o
                0x08001ed6                lcdSetCustomLoc
 .text.lcdCreateCustom
                0x08001ee6       0x24 Src/LCD.o
                0x08001ee6                lcdCreateCustom
 *fill*         0x08001f0a        0x2 
 .text.MX_GPIO_Init
                0x08001f0c       0xa8 Src/main.o
 .text.MX_ADC1_Init
                0x08001fb4       0x4c Src/main.o
 .text.DelayUs  0x08002000       0x16 Src/main.o
                0x08002000                DelayUs
 *fill*         0x08002016        0x2 
 .text.lcdWrite8BitData
                0x08002018       0x40 Src/main.o
                0x08002018                lcdWrite8BitData
 .text.lcdWriteMsg
                0x08002058       0x18 Src/main.o
                0x08002058                lcdWriteMsg
 .text.lcdWriteCmd
                0x08002070       0x18 Src/main.o
                0x08002070                lcdWriteCmd
 .text.measureLightIntensity
                0x08002088       0x50 Src/main.o
                0x08002088                measureLightIntensity
 .text.measureTemperature
                0x080020d8       0xb4 Src/main.o
                0x080020d8                measureTemperature
 .text.lcdPrintTemp
                0x0800218c       0x3c Src/main.o
                0x0800218c                lcdPrintTemp
 .text.lcdPrintIntensity
                0x080021c8       0x54 Src/main.o
                0x080021c8                lcdPrintIntensity
 .text.SystemClock_Config
                0x0800221c       0x68 Src/main.o
                0x0800221c                SystemClock_Config
 .text.main     0x08002284       0xb0 Src/main.o
                0x08002284                main
 .text.__io_putchar
                0x08002334        0xe Src/main.o
                0x08002334                __io_putchar
 *fill*         0x08002342        0x2 
 .text.HAL_MspInit
                0x08002344       0x44 Src/stm32f1xx_hal_msp.o
                0x08002344                HAL_MspInit
 .text.HAL_ADC_MspInit
                0x08002388       0x60 Src/stm32f1xx_hal_msp.o
                0x08002388                HAL_ADC_MspInit
 .text.NMI_Handler
                0x080023e8        0x2 Src/stm32f1xx_it.o
                0x080023e8                NMI_Handler
 .text.HardFault_Handler
                0x080023ea        0x2 Src/stm32f1xx_it.o
                0x080023ea                HardFault_Handler
 .text.MemManage_Handler
                0x080023ec        0x2 Src/stm32f1xx_it.o
                0x080023ec                MemManage_Handler
 .text.BusFault_Handler
                0x080023ee        0x2 Src/stm32f1xx_it.o
                0x080023ee                BusFault_Handler
 .text.UsageFault_Handler
                0x080023f0        0x2 Src/stm32f1xx_it.o
                0x080023f0                UsageFault_Handler
 .text.SVC_Handler
                0x080023f2        0x2 Src/stm32f1xx_it.o
                0x080023f2                SVC_Handler
 .text.DebugMon_Handler
                0x080023f4        0x2 Src/stm32f1xx_it.o
                0x080023f4                DebugMon_Handler
 .text.PendSV_Handler
                0x080023f6        0x2 Src/stm32f1xx_it.o
                0x080023f6                PendSV_Handler
 .text.SysTick_Handler
                0x080023f8        0x8 Src/stm32f1xx_it.o
                0x080023f8                SysTick_Handler
 .text.initialise_monitor_handles
                0x08002400       0x34 Src/syscalls.o
                0x08002400                initialise_monitor_handles
 .text._read    0x08002434       0x1c Src/syscalls.o
                0x08002434                _read
 .text._write   0x08002450       0x1c Src/syscalls.o
                0x08002450                _write
 .text._sbrk    0x0800246c       0x3c Src/syscalls.o
                0x0800246c                _sbrk
 .text._close   0x080024a8        0x6 Src/syscalls.o
                0x080024a8                _close
 .text._fstat   0x080024ae        0xa Src/syscalls.o
                0x080024ae                _fstat
 .text._isatty  0x080024b8        0x4 Src/syscalls.o
                0x080024b8                _isatty
 .text._lseek   0x080024bc        0x4 Src/syscalls.o
                0x080024bc                _lseek
 .text.SystemInit
                0x080024c0       0x4c Src/system_stm32f1xx.o
                0x080024c0                SystemInit
 .text.Reset_Handler
                0x0800250c       0x48 startup/startup_stm32f103xb.o
                0x0800250c                Reset_Handler
 .text.Default_Handler
                0x08002554        0x2 startup/startup_stm32f103xb.o
                0x08002554                RTC_Alarm_IRQHandler
                0x08002554                EXTI2_IRQHandler
                0x08002554                TIM1_CC_IRQHandler
                0x08002554                PVD_IRQHandler
                0x08002554                EXTI3_IRQHandler
                0x08002554                EXTI0_IRQHandler
                0x08002554                I2C2_EV_IRQHandler
                0x08002554                ADC1_2_IRQHandler
                0x08002554                SPI1_IRQHandler
                0x08002554                TAMPER_IRQHandler
                0x08002554                DMA1_Channel4_IRQHandler
                0x08002554                USART3_IRQHandler
                0x08002554                RTC_IRQHandler
                0x08002554                DMA1_Channel7_IRQHandler
                0x08002554                CAN1_RX1_IRQHandler
                0x08002554                TIM4_IRQHandler
                0x08002554                I2C1_EV_IRQHandler
                0x08002554                DMA1_Channel6_IRQHandler
                0x08002554                TIM3_IRQHandler
                0x08002554                RCC_IRQHandler
                0x08002554                TIM1_TRG_COM_IRQHandler
                0x08002554                DMA1_Channel1_IRQHandler
                0x08002554                Default_Handler
                0x08002554                EXTI15_10_IRQHandler
                0x08002554                EXTI9_5_IRQHandler
                0x08002554                SPI2_IRQHandler
                0x08002554                DMA1_Channel5_IRQHandler
                0x08002554                EXTI4_IRQHandler
                0x08002554                USB_LP_CAN1_RX0_IRQHandler
                0x08002554                USB_HP_CAN1_TX_IRQHandler
                0x08002554                DMA1_Channel3_IRQHandler
                0x08002554                TIM1_UP_IRQHandler
                0x08002554                WWDG_IRQHandler
                0x08002554                TIM2_IRQHandler
                0x08002554                TIM1_BRK_IRQHandler
                0x08002554                EXTI1_IRQHandler
                0x08002554                USART2_IRQHandler
                0x08002554                I2C2_ER_IRQHandler
                0x08002554                DMA1_Channel2_IRQHandler
                0x08002554                CAN1_SCE_IRQHandler
                0x08002554                FLASH_IRQHandler
                0x08002554                USART1_IRQHandler
                0x08002554                I2C1_ER_IRQHandler
                0x08002554                USBWakeUp_IRQHandler
 *fill*         0x08002556        0x2 
 .text.log      0x08002558       0xfc c:/ac6/systemworkbench/plugins/fr.ac6.mcu.externaltools.arm-none.win32_1.16.0.201807130628/tools/compiler/bin/../lib/gcc/arm-none-eabi/7.2.1/../../../../arm-none-eabi/lib/thumb/v7-m\libm.a(lib_a-w_log.o)
                0x08002558                log
 *fill*         0x08002654        0x4 
 .text.__ieee754_log
                0x08002658      0x394 c:/ac6/systemworkbench/plugins/fr.ac6.mcu.externaltools.arm-none.win32_1.16.0.201807130628/tools/compiler/bin/../lib/gcc/arm-none-eabi/7.2.1/../../../../arm-none-eabi/lib/thumb/v7-m\libm.a(lib_a-e_log.o)
                0x08002658                __ieee754_log
 .text.matherr  0x080029ec        0x4 c:/ac6/systemworkbench/plugins/fr.ac6.mcu.externaltools.arm-none.win32_1.16.0.201807130628/tools/compiler/bin/../lib/gcc/arm-none-eabi/7.2.1/../../../../arm-none-eabi/lib/thumb/v7-m\libm.a(lib_a-s_matherr.o)
                0x080029ec                matherr
 .text.nan      0x080029f0        0xc c:/ac6/systemworkbench/plugins/fr.ac6.mcu.externaltools.arm-none.win32_1.16.0.201807130628/tools/compiler/bin/../lib/gcc/arm-none-eabi/7.2.1/../../../../arm-none-eabi/lib/thumb/v7-m\libm.a(lib_a-s_nan.o)
                0x080029f0                nan
 .text.__errno  0x080029fc        0xc c:/ac6/systemworkbench/plugins/fr.ac6.mcu.externaltools.arm-none.win32_1.16.0.201807130628/tools/compiler/bin/../lib/gcc/arm-none-eabi/7.2.1/../../../../arm-none-eabi/lib/thumb/v7-m\libc_nano.a(lib_a-errno.o)
                0x080029fc                __errno
 .text.__libc_init_array
                0x08002a08       0x48 c:/ac6/systemworkbench/plugins/fr.ac6.mcu.externaltools.arm-none.win32_1.16.0.201807130628/tools/compiler/bin/../lib/gcc/arm-none-eabi/7.2.1/../../../../arm-none-eabi/lib/thumb/v7-m\libc_nano.a(lib_a-init.o)
                0x08002a08                __libc_init_array
 .text.memset   0x08002a50       0x10 c:/ac6/systemworkbench/plugins/fr.ac6.mcu.externaltools.arm-none.win32_1.16.0.201807130628/tools/compiler/bin/../lib/gcc/arm-none-eabi/7.2.1/../../../../arm-none-eabi/lib/thumb/v7-m\libc_nano.a(lib_a-memset.o)
                0x08002a50                memset
 .text.__cvt    0x08002a60       0xb8 c:/ac6/systemworkbench/plugins/fr.ac6.mcu.externaltools.arm-none.win32_1.16.0.201807130628/tools/compiler/bin/../lib/gcc/arm-none-eabi/7.2.1/../../../../arm-none-eabi/lib/thumb/v7-m\libc_nano.a(lib_a-nano-vfprintf_float.o)
                0x08002a60                __cvt
 .text.__exponent
                0x08002b18       0x6a c:/ac6/systemworkbench/plugins/fr.ac6.mcu.externaltools.arm-none.win32_1.16.0.201807130628/tools/compiler/bin/../lib/gcc/arm-none-eabi/7.2.1/../../../../arm-none-eabi/lib/thumb/v7-m\libc_nano.a(lib_a-nano-vfprintf_float.o)
                0x08002b18                __exponent
 *fill*         0x08002b82        0x2 
 .text._printf_float
                0x08002b84      0x46c c:/ac6/systemworkbench/plugins/fr.ac6.mcu.externaltools.arm-none.win32_1.16.0.201807130628/tools/compiler/bin/../lib/gcc/arm-none-eabi/7.2.1/../../../../arm-none-eabi/lib/thumb/v7-m\libc_nano.a(lib_a-nano-vfprintf_float.o)
                0x08002b84                _printf_float
 .text._printf_common
                0x08002ff0       0xec c:/ac6/systemworkbench/plugins/fr.ac6.mcu.externaltools.arm-none.win32_1.16.0.201807130628/tools/compiler/bin/../lib/gcc/arm-none-eabi/7.2.1/../../../../arm-none-eabi/lib/thumb/v7-m\libc_nano.a(lib_a-nano-vfprintf_i.o)
                0x08002ff0                _printf_common
 .text._printf_i
                0x080030dc      0x224 c:/ac6/systemworkbench/plugins/fr.ac6.mcu.externaltools.arm-none.win32_1.16.0.201807130628/tools/compiler/bin/../lib/gcc/arm-none-eabi/7.2.1/../../../../arm-none-eabi/lib/thumb/v7-m\libc_nano.a(lib_a-nano-vfprintf_i.o)
                0x080030dc                _printf_i
 .text.printf   0x08003300       0x30 c:/ac6/systemworkbench/plugins/fr.ac6.mcu.externaltools.arm-none.win32_1.16.0.201807130628/tools/compiler/bin/../lib/gcc/arm-none-eabi/7.2.1/../../../../arm-none-eabi/lib/thumb/v7-m\libc_nano.a(lib_a-printf.o)
                0x08003300                iprintf
                0x08003300                printf
 .text.putchar  0x08003330       0x28 c:/ac6/systemworkbench/plugins/fr.ac6.mcu.externaltools.arm-none.win32_1.16.0.201807130628/tools/compiler/bin/../lib/gcc/arm-none-eabi/7.2.1/../../../../arm-none-eabi/lib/thumb/v7-m\libc_nano.a(lib_a-putchar.o)
                0x08003330                putchar
 .text.setvbuf  0x08003358      0x15c c:/ac6/systemworkbench/plugins/fr.ac6.mcu.externaltools.arm-none.win32_1.16.0.201807130628/tools/compiler/bin/../lib/gcc/arm-none-eabi/7.2.1/../../../../arm-none-eabi/lib/thumb/v7-m\libc_nano.a(lib_a-setvbuf.o)
                0x08003358                setvbuf
 .text.quorem   0x080034b4      0x11c c:/ac6/systemworkbench/plugins/fr.ac6.mcu.externaltools.arm-none.win32_1.16.0.201807130628/tools/compiler/bin/../lib/gcc/arm-none-eabi/7.2.1/../../../../arm-none-eabi/lib/thumb/v7-m\libc_nano.a(lib_a-dtoa.o)
 .text._dtoa_r  0x080035d0      0xb68 c:/ac6/systemworkbench/plugins/fr.ac6.mcu.externaltools.arm-none.win32_1.16.0.201807130628/tools/compiler/bin/../lib/gcc/arm-none-eabi/7.2.1/../../../../arm-none-eabi/lib/thumb/v7-m\libc_nano.a(lib_a-dtoa.o)
                0x080035d0                _dtoa_r
 .text.__sflush_r
                0x08004138      0x10c c:/ac6/systemworkbench/plugins/fr.ac6.mcu.externaltools.arm-none.win32_1.16.0.201807130628/tools/compiler/bin/../lib/gcc/arm-none-eabi/7.2.1/../../../../arm-none-eabi/lib/thumb/v7-m\libc_nano.a(lib_a-fflush.o)
                0x08004138                __sflush_r
 .text._fflush_r
                0x08004244       0x54 c:/ac6/systemworkbench/plugins/fr.ac6.mcu.externaltools.arm-none.win32_1.16.0.201807130628/tools/compiler/bin/../lib/gcc/arm-none-eabi/7.2.1/../../../../arm-none-eabi/lib/thumb/v7-m\libc_nano.a(lib_a-fflush.o)
                0x08004244                _fflush_r
 .text.std      0x08004298       0x48 c:/ac6/systemworkbench/plugins/fr.ac6.mcu.externaltools.arm-none.win32_1.16.0.201807130628/tools/compiler/bin/../lib/gcc/arm-none-eabi/7.2.1/../../../../arm-none-eabi/lib/thumb/v7-m\libc_nano.a(lib_a-findfp.o)
 .text._cleanup_r
                0x080042e0        0xc c:/ac6/systemworkbench/plugins/fr.ac6.mcu.externaltools.arm-none.win32_1.16.0.201807130628/tools/compiler/bin/../lib/gcc/arm-none-eabi/7.2.1/../../../../arm-none-eabi/lib/thumb/v7-m\libc_nano.a(lib_a-findfp.o)
                0x080042e0                _cleanup_r
 .text.__sfmoreglue
                0x080042ec       0x2c c:/ac6/systemworkbench/plugins/fr.ac6.mcu.externaltools.arm-none.win32_1.16.0.201807130628/tools/compiler/bin/../lib/gcc/arm-none-eabi/7.2.1/../../../../arm-none-eabi/lib/thumb/v7-m\libc_nano.a(lib_a-findfp.o)
                0x080042ec                __sfmoreglue
 .text.__sinit  0x08004318       0x60 c:/ac6/systemworkbench/plugins/fr.ac6.mcu.externaltools.arm-none.win32_1.16.0.201807130628/tools/compiler/bin/../lib/gcc/arm-none-eabi/7.2.1/../../../../arm-none-eabi/lib/thumb/v7-m\libc_nano.a(lib_a-findfp.o)
                0x08004318                __sinit
 .text.__sfp    0x08004378       0x78 c:/ac6/systemworkbench/plugins/fr.ac6.mcu.externaltools.arm-none.win32_1.16.0.201807130628/tools/compiler/bin/../lib/gcc/arm-none-eabi/7.2.1/../../../../arm-none-eabi/lib/thumb/v7-m\libc_nano.a(lib_a-findfp.o)
                0x08004378                __sfp
 .text._fwalk_reent
                0x080043f0       0x3c c:/ac6/systemworkbench/plugins/fr.ac6.mcu.externaltools.arm-none.win32_1.16.0.201807130628/tools/compiler/bin/../lib/gcc/arm-none-eabi/7.2.1/../../../../arm-none-eabi/lib/thumb/v7-m\libc_nano.a(lib_a-fwalk.o)
                0x080043f0                _fwalk_reent
 .text._localeconv_r
                0x0800442c       0x1c c:/ac6/systemworkbench/plugins/fr.ac6.mcu.externaltools.arm-none.win32_1.16.0.201807130628/tools/compiler/bin/../lib/gcc/arm-none-eabi/7.2.1/../../../../arm-none-eabi/lib/thumb/v7-m\libc_nano.a(lib_a-localeconv.o)
                0x0800442c                _localeconv_r
 .text.__swhatbuf_r
                0x08004448       0x48 c:/ac6/systemworkbench/plugins/fr.ac6.mcu.externaltools.arm-none.win32_1.16.0.201807130628/tools/compiler/bin/../lib/gcc/arm-none-eabi/7.2.1/../../../../arm-none-eabi/lib/thumb/v7-m\libc_nano.a(lib_a-makebuf.o)
                0x08004448                __swhatbuf_r
 .text.__smakebuf_r
                0x08004490       0x80 c:/ac6/systemworkbench/plugins/fr.ac6.mcu.externaltools.arm-none.win32_1.16.0.201807130628/tools/compiler/bin/../lib/gcc/arm-none-eabi/7.2.1/../../../../arm-none-eabi/lib/thumb/v7-m\libc_nano.a(lib_a-makebuf.o)
                0x08004490                __smakebuf_r
 .text.malloc   0x08004510       0x10 c:/ac6/systemworkbench/plugins/fr.ac6.mcu.externaltools.arm-none.win32_1.16.0.201807130628/tools/compiler/bin/../lib/gcc/arm-none-eabi/7.2.1/../../../../arm-none-eabi/lib/thumb/v7-m\libc_nano.a(lib_a-malloc.o)
                0x08004510                malloc
 .text.memchr   0x08004520       0x1c c:/ac6/systemworkbench/plugins/fr.ac6.mcu.externaltools.arm-none.win32_1.16.0.201807130628/tools/compiler/bin/../lib/gcc/arm-none-eabi/7.2.1/../../../../arm-none-eabi/lib/thumb/v7-m\libc_nano.a(lib_a-memchr-stub.o)
                0x08004520                memchr
 .text.memcpy   0x0800453c       0x16 c:/ac6/systemworkbench/plugins/fr.ac6.mcu.externaltools.arm-none.win32_1.16.0.201807130628/tools/compiler/bin/../lib/gcc/arm-none-eabi/7.2.1/../../../../arm-none-eabi/lib/thumb/v7-m\libc_nano.a(lib_a-memcpy-stub.o)
                0x0800453c                memcpy
 .text._Balloc  0x08004552       0x68 c:/ac6/systemworkbench/plugins/fr.ac6.mcu.externaltools.arm-none.win32_1.16.0.201807130628/tools/compiler/bin/../lib/gcc/arm-none-eabi/7.2.1/../../../../arm-none-eabi/lib/thumb/v7-m\libc_nano.a(lib_a-mprec.o)
                0x08004552                _Balloc
 .text._Bfree   0x080045ba       0x2e c:/ac6/systemworkbench/plugins/fr.ac6.mcu.externaltools.arm-none.win32_1.16.0.201807130628/tools/compiler/bin/../lib/gcc/arm-none-eabi/7.2.1/../../../../arm-none-eabi/lib/thumb/v7-m\libc_nano.a(lib_a-mprec.o)
                0x080045ba                _Bfree
 .text.__multadd
                0x080045e8       0x76 c:/ac6/systemworkbench/plugins/fr.ac6.mcu.externaltools.arm-none.win32_1.16.0.201807130628/tools/compiler/bin/../lib/gcc/arm-none-eabi/7.2.1/../../../../arm-none-eabi/lib/thumb/v7-m\libc_nano.a(lib_a-mprec.o)
                0x080045e8                __multadd
 .text.__hi0bits
                0x0800465e       0x3e c:/ac6/systemworkbench/plugins/fr.ac6.mcu.externaltools.arm-none.win32_1.16.0.201807130628/tools/compiler/bin/../lib/gcc/arm-none-eabi/7.2.1/../../../../arm-none-eabi/lib/thumb/v7-m\libc_nano.a(lib_a-mprec.o)
                0x0800465e                __hi0bits
 .text.__lo0bits
                0x0800469c       0x5e c:/ac6/systemworkbench/plugins/fr.ac6.mcu.externaltools.arm-none.win32_1.16.0.201807130628/tools/compiler/bin/../lib/gcc/arm-none-eabi/7.2.1/../../../../arm-none-eabi/lib/thumb/v7-m\libc_nano.a(lib_a-mprec.o)
                0x0800469c                __lo0bits
 .text.__i2b    0x080046fa       0x12 c:/ac6/systemworkbench/plugins/fr.ac6.mcu.externaltools.arm-none.win32_1.16.0.201807130628/tools/compiler/bin/../lib/gcc/arm-none-eabi/7.2.1/../../../../arm-none-eabi/lib/thumb/v7-m\libc_nano.a(lib_a-mprec.o)
                0x080046fa                __i2b
 .text.__multiply
                0x0800470c      0x12a c:/ac6/systemworkbench/plugins/fr.ac6.mcu.externaltools.arm-none.win32_1.16.0.201807130628/tools/compiler/bin/../lib/gcc/arm-none-eabi/7.2.1/../../../../arm-none-eabi/lib/thumb/v7-m\libc_nano.a(lib_a-mprec.o)
                0x0800470c                __multiply
 *fill*         0x08004836        0x2 
 .text.__pow5mult
                0x08004838       0x9c c:/ac6/systemworkbench/plugins/fr.ac6.mcu.externaltools.arm-none.win32_1.16.0.201807130628/tools/compiler/bin/../lib/gcc/arm-none-eabi/7.2.1/../../../../arm-none-eabi/lib/thumb/v7-m\libc_nano.a(lib_a-mprec.o)
                0x08004838                __pow5mult
 .text.__lshift
                0x080048d4       0xa8 c:/ac6/systemworkbench/plugins/fr.ac6.mcu.externaltools.arm-none.win32_1.16.0.201807130628/tools/compiler/bin/../lib/gcc/arm-none-eabi/7.2.1/../../../../arm-none-eabi/lib/thumb/v7-m\libc_nano.a(lib_a-mprec.o)
                0x080048d4                __lshift
 .text.__mcmp   0x0800497c       0x34 c:/ac6/systemworkbench/plugins/fr.ac6.mcu.externaltools.arm-none.win32_1.16.0.201807130628/tools/compiler/bin/../lib/gcc/arm-none-eabi/7.2.1/../../../../arm-none-eabi/lib/thumb/v7-m\libc_nano.a(lib_a-mprec.o)
                0x0800497c                __mcmp
 .text.__mdiff  0x080049b0       0xbc c:/ac6/systemworkbench/plugins/fr.ac6.mcu.externaltools.arm-none.win32_1.16.0.201807130628/tools/compiler/bin/../lib/gcc/arm-none-eabi/7.2.1/../../../../arm-none-eabi/lib/thumb/v7-m\libc_nano.a(lib_a-mprec.o)
                0x080049b0                __mdiff
 .text.__d2b    0x08004a6c       0x9e c:/ac6/systemworkbench/plugins/fr.ac6.mcu.externaltools.arm-none.win32_1.16.0.201807130628/tools/compiler/bin/../lib/gcc/arm-none-eabi/7.2.1/../../../../arm-none-eabi/lib/thumb/v7-m\libc_nano.a(lib_a-mprec.o)
                0x08004a6c                __d2b
 .text._calloc_r
                0x08004b0a       0x1c c:/ac6/systemworkbench/plugins/fr.ac6.mcu.externaltools.arm-none.win32_1.16.0.201807130628/tools/compiler/bin/../lib/gcc/arm-none-eabi/7.2.1/../../../../arm-none-eabi/lib/thumb/v7-m\libc_nano.a(lib_a-nano-callocr.o)
                0x08004b0a                _calloc_r
 *fill*         0x08004b26        0x2 
 .text._free_r  0x08004b28       0x98 c:/ac6/systemworkbench/plugins/fr.ac6.mcu.externaltools.arm-none.win32_1.16.0.201807130628/tools/compiler/bin/../lib/gcc/arm-none-eabi/7.2.1/../../../../arm-none-eabi/lib/thumb/v7-m\libc_nano.a(lib_a-nano-freer.o)
                0x08004b28                _free_r
 .text._malloc_r
                0x08004bc0       0xb4 c:/ac6/systemworkbench/plugins/fr.ac6.mcu.externaltools.arm-none.win32_1.16.0.201807130628/tools/compiler/bin/../lib/gcc/arm-none-eabi/7.2.1/../../../../arm-none-eabi/lib/thumb/v7-m\libc_nano.a(lib_a-nano-mallocr.o)
                0x08004bc0                _malloc_r
 .text.__sfputc_r
                0x08004c74       0x2a c:/ac6/systemworkbench/plugins/fr.ac6.mcu.externaltools.arm-none.win32_1.16.0.201807130628/tools/compiler/bin/../lib/gcc/arm-none-eabi/7.2.1/../../../../arm-none-eabi/lib/thumb/v7-m\libc_nano.a(lib_a-nano-vfprintf.o)
 .text.__sfputs_r
                0x08004c9e       0x24 c:/ac6/systemworkbench/plugins/fr.ac6.mcu.externaltools.arm-none.win32_1.16.0.201807130628/tools/compiler/bin/../lib/gcc/arm-none-eabi/7.2.1/../../../../arm-none-eabi/lib/thumb/v7-m\libc_nano.a(lib_a-nano-vfprintf.o)
                0x08004c9e                __sfputs_r
 *fill*         0x08004cc2        0x2 
 .text._vfprintf_r
                0x08004cc4      0x228 c:/ac6/systemworkbench/plugins/fr.ac6.mcu.externaltools.arm-none.win32_1.16.0.201807130628/tools/compiler/bin/../lib/gcc/arm-none-eabi/7.2.1/../../../../arm-none-eabi/lib/thumb/v7-m\libc_nano.a(lib_a-nano-vfprintf.o)
                0x08004cc4                _vfprintf_r
                0x08004cc4                _vfiprintf_r
 .text._putc_r  0x08004eec       0x6c c:/ac6/systemworkbench/plugins/fr.ac6.mcu.externaltools.arm-none.win32_1.16.0.201807130628/tools/compiler/bin/../lib/gcc/arm-none-eabi/7.2.1/../../../../arm-none-eabi/lib/thumb/v7-m\libc_nano.a(lib_a-putc.o)
                0x08004eec                _putc_r
 .text._sbrk_r  0x08004f58       0x20 c:/ac6/systemworkbench/plugins/fr.ac6.mcu.externaltools.arm-none.win32_1.16.0.201807130628/tools/compiler/bin/../lib/gcc/arm-none-eabi/7.2.1/../../../../arm-none-eabi/lib/thumb/v7-m\libc_nano.a(lib_a-sbrkr.o)
                0x08004f58                _sbrk_r
 .text.__sread  0x08004f78       0x22 c:/ac6/systemworkbench/plugins/fr.ac6.mcu.externaltools.arm-none.win32_1.16.0.201807130628/tools/compiler/bin/../lib/gcc/arm-none-eabi/7.2.1/../../../../arm-none-eabi/lib/thumb/v7-m\libc_nano.a(lib_a-stdio.o)
                0x08004f78                __sread
 .text.__swrite
                0x08004f9a       0x38 c:/ac6/systemworkbench/plugins/fr.ac6.mcu.externaltools.arm-none.win32_1.16.0.201807130628/tools/compiler/bin/../lib/gcc/arm-none-eabi/7.2.1/../../../../arm-none-eabi/lib/thumb/v7-m\libc_nano.a(lib_a-stdio.o)
                0x08004f9a                __swrite
 .text.__sseek  0x08004fd2       0x24 c:/ac6/systemworkbench/plugins/fr.ac6.mcu.externaltools.arm-none.win32_1.16.0.201807130628/tools/compiler/bin/../lib/gcc/arm-none-eabi/7.2.1/../../../../arm-none-eabi/lib/thumb/v7-m\libc_nano.a(lib_a-stdio.o)
                0x08004fd2                __sseek
 .text.__sclose
                0x08004ff6        0x8 c:/ac6/systemworkbench/plugins/fr.ac6.mcu.externaltools.arm-none.win32_1.16.0.201807130628/tools/compiler/bin/../lib/gcc/arm-none-eabi/7.2.1/../../../../arm-none-eabi/lib/thumb/v7-m\libc_nano.a(lib_a-stdio.o)
                0x08004ff6                __sclose
 *fill*         0x08004ffe        0x2 
 .text.__swbuf_r
                0x08005000       0xa4 c:/ac6/systemworkbench/plugins/fr.ac6.mcu.externaltools.arm-none.win32_1.16.0.201807130628/tools/compiler/bin/../lib/gcc/arm-none-eabi/7.2.1/../../../../arm-none-eabi/lib/thumb/v7-m\libc_nano.a(lib_a-wbuf.o)
                0x08005000                __swbuf_r
 .text._write_r
                0x080050a4       0x24 c:/ac6/systemworkbench/plugins/fr.ac6.mcu.externaltools.arm-none.win32_1.16.0.201807130628/tools/compiler/bin/../lib/gcc/arm-none-eabi/7.2.1/../../../../arm-none-eabi/lib/thumb/v7-m\libc_nano.a(lib_a-writer.o)
                0x080050a4                _write_r
 .text.__swsetup_r
                0x080050c8       0xdc c:/ac6/systemworkbench/plugins/fr.ac6.mcu.externaltools.arm-none.win32_1.16.0.201807130628/tools/compiler/bin/../lib/gcc/arm-none-eabi/7.2.1/../../../../arm-none-eabi/lib/thumb/v7-m\libc_nano.a(lib_a-wsetup.o)
                0x080050c8                __swsetup_r
 .text._close_r
                0x080051a4       0x20 c:/ac6/systemworkbench/plugins/fr.ac6.mcu.externaltools.arm-none.win32_1.16.0.201807130628/tools/compiler/bin/../lib/gcc/arm-none-eabi/7.2.1/../../../../arm-none-eabi/lib/thumb/v7-m\libc_nano.a(lib_a-closer.o)
                0x080051a4                _close_r
 .text._fstat_r
                0x080051c4       0x24 c:/ac6/systemworkbench/plugins/fr.ac6.mcu.externaltools.arm-none.win32_1.16.0.201807130628/tools/compiler/bin/../lib/gcc/arm-none-eabi/7.2.1/../../../../arm-none-eabi/lib/thumb/v7-m\libc_nano.a(lib_a-fstatr.o)
                0x080051c4                _fstat_r
 .text._isatty_r
                0x080051e8       0x20 c:/ac6/systemworkbench/plugins/fr.ac6.mcu.externaltools.arm-none.win32_1.16.0.201807130628/tools/compiler/bin/../lib/gcc/arm-none-eabi/7.2.1/../../../../arm-none-eabi/lib/thumb/v7-m\libc_nano.a(lib_a-isattyr.o)
                0x080051e8                _isatty_r
 .text._lseek_r
                0x08005208       0x24 c:/ac6/systemworkbench/plugins/fr.ac6.mcu.externaltools.arm-none.win32_1.16.0.201807130628/tools/compiler/bin/../lib/gcc/arm-none-eabi/7.2.1/../../../../arm-none-eabi/lib/thumb/v7-m\libc_nano.a(lib_a-lseekr.o)
                0x08005208                _lseek_r
 .text.__ascii_mbtowc
                0x0800522c       0x24 c:/ac6/systemworkbench/plugins/fr.ac6.mcu.externaltools.arm-none.win32_1.16.0.201807130628/tools/compiler/bin/../lib/gcc/arm-none-eabi/7.2.1/../../../../arm-none-eabi/lib/thumb/v7-m\libc_nano.a(lib_a-mbtowc_r.o)
                0x0800522c                __ascii_mbtowc
 .text.__malloc_lock
                0x08005250        0x2 c:/ac6/systemworkbench/plugins/fr.ac6.mcu.externaltools.arm-none.win32_1.16.0.201807130628/tools/compiler/bin/../lib/gcc/arm-none-eabi/7.2.1/../../../../arm-none-eabi/lib/thumb/v7-m\libc_nano.a(lib_a-mlock.o)
                0x08005250                __malloc_lock
 .text.__malloc_unlock
                0x08005252        0x2 c:/ac6/systemworkbench/plugins/fr.ac6.mcu.externaltools.arm-none.win32_1.16.0.201807130628/tools/compiler/bin/../lib/gcc/arm-none-eabi/7.2.1/../../../../arm-none-eabi/lib/thumb/v7-m\libc_nano.a(lib_a-mlock.o)
                0x08005252                __malloc_unlock
 .text._read_r  0x08005254       0x24 c:/ac6/systemworkbench/plugins/fr.ac6.mcu.externaltools.arm-none.win32_1.16.0.201807130628/tools/compiler/bin/../lib/gcc/arm-none-eabi/7.2.1/../../../../arm-none-eabi/lib/thumb/v7-m\libc_nano.a(lib_a-readr.o)
                0x08005254                _read_r
 .text.__ascii_wctomb
                0x08005278       0x1a c:/ac6/systemworkbench/plugins/fr.ac6.mcu.externaltools.arm-none.win32_1.16.0.201807130628/tools/compiler/bin/../lib/gcc/arm-none-eabi/7.2.1/../../../../arm-none-eabi/lib/thumb/v7-m\libc_nano.a(lib_a-wctomb_r.o)
                0x08005278                __ascii_wctomb
 *(.glue_7)
 .glue_7        0x08005292        0x0 linker stubs
 *(.glue_7t)
 .glue_7t       0x08005292        0x0 linker stubs
 *(.eh_frame)
 *fill*         0x08005292        0x2 
 .eh_frame      0x08005294        0x0 c:/ac6/systemworkbench/plugins/fr.ac6.mcu.externaltools.arm-none.win32_1.16.0.201807130628/tools/compiler/bin/../lib/gcc/arm-none-eabi/7.2.1/thumb/v7-m/crtbegin.o
 *(.init)
 .init          0x08005294        0x4 c:/ac6/systemworkbench/plugins/fr.ac6.mcu.externaltools.arm-none.win32_1.16.0.201807130628/tools/compiler/bin/../lib/gcc/arm-none-eabi/7.2.1/thumb/v7-m/crti.o
                0x08005294                _init
 .init          0x08005298        0x8 c:/ac6/systemworkbench/plugins/fr.ac6.mcu.externaltools.arm-none.win32_1.16.0.201807130628/tools/compiler/bin/../lib/gcc/arm-none-eabi/7.2.1/thumb/v7-m/crtn.o
 *(.fini)
 .fini          0x080052a0        0x4 c:/ac6/systemworkbench/plugins/fr.ac6.mcu.externaltools.arm-none.win32_1.16.0.201807130628/tools/compiler/bin/../lib/gcc/arm-none-eabi/7.2.1/thumb/v7-m/crti.o
                0x080052a0                _fini
 .fini          0x080052a4        0x8 c:/ac6/systemworkbench/plugins/fr.ac6.mcu.externaltools.arm-none.win32_1.16.0.201807130628/tools/compiler/bin/../lib/gcc/arm-none-eabi/7.2.1/thumb/v7-m/crtn.o
                0x080052ac                . = ALIGN (0x4)
                0x080052ac                _etext = .

.vfp11_veneer   0x080052ac        0x0
 .vfp11_veneer  0x080052ac        0x0 linker stubs

.v4_bx          0x080052ac        0x0
 .v4_bx         0x080052ac        0x0 linker stubs

.iplt           0x080052ac        0x0
 .iplt          0x080052ac        0x0 c:/ac6/systemworkbench/plugins/fr.ac6.mcu.externaltools.arm-none.win32_1.16.0.201807130628/tools/compiler/bin/../lib/gcc/arm-none-eabi/7.2.1/thumb/v7-m/crtbegin.o

.rodata         0x080052b0      0x320
                0x080052b0                . = ALIGN (0x4)
 *(.rodata)
 .rodata        0x080052b0       0x12 Drivers/STM32F1xx_HAL_Driver/Src/stm32f1xx_hal_rcc.o
 *fill*         0x080052c2        0x2 
 .rodata        0x080052c4       0x20 Src/main.o
 .rodata        0x080052e4       0x18 Src/system_stm32f1xx.o
                0x080052e4                AHBPrescTable
                0x080052f4                APBPrescTable
 *(.rodata*)
 .rodata.str1.4
                0x080052fc        0xc Src/main.o
 .rodata.log.str1.4
                0x08005308        0x4 c:/ac6/systemworkbench/plugins/fr.ac6.mcu.externaltools.arm-none.win32_1.16.0.201807130628/tools/compiler/bin/../lib/gcc/arm-none-eabi/7.2.1/../../../../arm-none-eabi/lib/thumb/v7-m\libm.a(lib_a-w_log.o)
                                  0x5 (size before relaxing)
 .rodata._global_impure_ptr
                0x0800530c        0x4 c:/ac6/systemworkbench/plugins/fr.ac6.mcu.externaltools.arm-none.win32_1.16.0.201807130628/tools/compiler/bin/../lib/gcc/arm-none-eabi/7.2.1/../../../../arm-none-eabi/lib/thumb/v7-m\libc_nano.a(lib_a-impure.o)
                0x0800530c                _global_impure_ptr
 .rodata._printf_float.str1.1
                0x08005310       0x12 c:/ac6/systemworkbench/plugins/fr.ac6.mcu.externaltools.arm-none.win32_1.16.0.201807130628/tools/compiler/bin/../lib/gcc/arm-none-eabi/7.2.1/../../../../arm-none-eabi/lib/thumb/v7-m\libc_nano.a(lib_a-nano-vfprintf_float.o)
 .rodata._printf_i.str1.1
                0x08005322       0x22 c:/ac6/systemworkbench/plugins/fr.ac6.mcu.externaltools.arm-none.win32_1.16.0.201807130628/tools/compiler/bin/../lib/gcc/arm-none-eabi/7.2.1/../../../../arm-none-eabi/lib/thumb/v7-m\libc_nano.a(lib_a-nano-vfprintf_i.o)
 .rodata._dtoa_r.str1.1
                0x08005344        0xd c:/ac6/systemworkbench/plugins/fr.ac6.mcu.externaltools.arm-none.win32_1.16.0.201807130628/tools/compiler/bin/../lib/gcc/arm-none-eabi/7.2.1/../../../../arm-none-eabi/lib/thumb/v7-m\libc_nano.a(lib_a-dtoa.o)
                                  0xf (size before relaxing)
 *fill*         0x08005351        0x3 
 .rodata.__sf_fake_stderr
                0x08005354       0x20 c:/ac6/systemworkbench/plugins/fr.ac6.mcu.externaltools.arm-none.win32_1.16.0.201807130628/tools/compiler/bin/../lib/gcc/arm-none-eabi/7.2.1/../../../../arm-none-eabi/lib/thumb/v7-m\libc_nano.a(lib_a-findfp.o)
                0x08005354                __sf_fake_stderr
 .rodata.__sf_fake_stdin
                0x08005374       0x20 c:/ac6/systemworkbench/plugins/fr.ac6.mcu.externaltools.arm-none.win32_1.16.0.201807130628/tools/compiler/bin/../lib/gcc/arm-none-eabi/7.2.1/../../../../arm-none-eabi/lib/thumb/v7-m\libc_nano.a(lib_a-findfp.o)
                0x08005374                __sf_fake_stdin
 .rodata.__sf_fake_stdout
                0x08005394       0x20 c:/ac6/systemworkbench/plugins/fr.ac6.mcu.externaltools.arm-none.win32_1.16.0.201807130628/tools/compiler/bin/../lib/gcc/arm-none-eabi/7.2.1/../../../../arm-none-eabi/lib/thumb/v7-m\libc_nano.a(lib_a-findfp.o)
                0x08005394                __sf_fake_stdout
 *fill*         0x080053b4        0x4 
 .rodata.__mprec_bigtens
                0x080053b8       0x28 c:/ac6/systemworkbench/plugins/fr.ac6.mcu.externaltools.arm-none.win32_1.16.0.201807130628/tools/compiler/bin/../lib/gcc/arm-none-eabi/7.2.1/../../../../arm-none-eabi/lib/thumb/v7-m\libc_nano.a(lib_a-mprec.o)
                0x080053b8                __mprec_bigtens
 .rodata.__mprec_tens
                0x080053e0       0xc8 c:/ac6/systemworkbench/plugins/fr.ac6.mcu.externaltools.arm-none.win32_1.16.0.201807130628/tools/compiler/bin/../lib/gcc/arm-none-eabi/7.2.1/../../../../arm-none-eabi/lib/thumb/v7-m\libc_nano.a(lib_a-mprec.o)
                0x080053e0                __mprec_tens
 .rodata.p05.6084
                0x080054a8        0xc c:/ac6/systemworkbench/plugins/fr.ac6.mcu.externaltools.arm-none.win32_1.16.0.201807130628/tools/compiler/bin/../lib/gcc/arm-none-eabi/7.2.1/../../../../arm-none-eabi/lib/thumb/v7-m\libc_nano.a(lib_a-mprec.o)
 .rodata._vfprintf_r.str1.1
                0x080054b4       0x11 c:/ac6/systemworkbench/plugins/fr.ac6.mcu.externaltools.arm-none.win32_1.16.0.201807130628/tools/compiler/bin/../lib/gcc/arm-none-eabi/7.2.1/../../../../arm-none-eabi/lib/thumb/v7-m\libc_nano.a(lib_a-nano-vfprintf.o)
 .rodata._setlocale_r.str1.1
                0x080054c5        0x8 c:/ac6/systemworkbench/plugins/fr.ac6.mcu.externaltools.arm-none.win32_1.16.0.201807130628/tools/compiler/bin/../lib/gcc/arm-none-eabi/7.2.1/../../../../arm-none-eabi/lib/thumb/v7-m\libc_nano.a(lib_a-locale.o)
                                  0x9 (size before relaxing)
 .rodata.str1.1
                0x080054cd        0x2 c:/ac6/systemworkbench/plugins/fr.ac6.mcu.externaltools.arm-none.win32_1.16.0.201807130628/tools/compiler/bin/../lib/gcc/arm-none-eabi/7.2.1/../../../../arm-none-eabi/lib/thumb/v7-m\libc_nano.a(lib_a-locale.o)
 .rodata._ctype_
                0x080054cf      0x101 c:/ac6/systemworkbench/plugins/fr.ac6.mcu.externaltools.arm-none.win32_1.16.0.201807130628/tools/compiler/bin/../lib/gcc/arm-none-eabi/7.2.1/../../../../arm-none-eabi/lib/thumb/v7-m\libc_nano.a(lib_a-ctype_.o)
                0x080054cf                _ctype_
                0x080055d0                . = ALIGN (0x4)

.rel.dyn        0x080055d0        0x0
 .rel.iplt      0x080055d0        0x0 c:/ac6/systemworkbench/plugins/fr.ac6.mcu.externaltools.arm-none.win32_1.16.0.201807130628/tools/compiler/bin/../lib/gcc/arm-none-eabi/7.2.1/thumb/v7-m/crtbegin.o

.ARM.extab
 *(.ARM.extab* .gnu.linkonce.armextab.*)

.ARM            0x080055d0        0x0
                0x080055d0                __exidx_start = .
 *(.ARM.exidx*)
                0x080055d0                __exidx_end = .

.preinit_array  0x080055d0        0x0
                0x080055d0                PROVIDE (__preinit_array_start, .)
 *(.preinit_array*)
                0x080055d0                PROVIDE (__preinit_array_end, .)

.init_array     0x080055d0        0x4
                0x080055d0                PROVIDE (__init_array_start, .)
 *(SORT_BY_NAME(.init_array.*))
 *(.init_array*)
 .init_array    0x080055d0        0x4 c:/ac6/systemworkbench/plugins/fr.ac6.mcu.externaltools.arm-none.win32_1.16.0.201807130628/tools/compiler/bin/../lib/gcc/arm-none-eabi/7.2.1/thumb/v7-m/crtbegin.o
                0x080055d4                PROVIDE (__init_array_end, .)

.fini_array     0x080055d4        0x4
                [!provide]                PROVIDE (__fini_array_start, .)
 *(SORT_BY_NAME(.fini_array.*))
 *(.fini_array*)
 .fini_array    0x080055d4        0x4 c:/ac6/systemworkbench/plugins/fr.ac6.mcu.externaltools.arm-none.win32_1.16.0.201807130628/tools/compiler/bin/../lib/gcc/arm-none-eabi/7.2.1/thumb/v7-m/crtbegin.o
                [!provide]                PROVIDE (__fini_array_end, .)
                0x080055d8                _sidata = LOADADDR (.data)

.data           0x20000000      0x1e0 load address 0x080055d8
                0x20000000                . = ALIGN (0x4)
                0x20000000                _sdata = .
 *(.data)
 .data          0x20000000        0x8 Drivers/STM32F1xx_HAL_Driver/Src/stm32f1xx_hal.o
                0x20000000                uwTickFreq
                0x20000004                uwTickPrio
 .data          0x20000008        0x4 Src/system_stm32f1xx.o
                0x20000008                SystemCoreClock
 *(.data*)
 .data.__fdlib_version
                0x2000000c        0x1 c:/ac6/systemworkbench/plugins/fr.ac6.mcu.externaltools.arm-none.win32_1.16.0.201807130628/tools/compiler/bin/../lib/gcc/arm-none-eabi/7.2.1/../../../../arm-none-eabi/lib/thumb/v7-m\libm.a(lib_a-s_lib_ver.o)
                0x2000000c                __fdlib_version
 *fill*         0x2000000d        0x3 
 .data._impure_ptr
                0x20000010        0x4 c:/ac6/systemworkbench/plugins/fr.ac6.mcu.externaltools.arm-none.win32_1.16.0.201807130628/tools/compiler/bin/../lib/gcc/arm-none-eabi/7.2.1/../../../../arm-none-eabi/lib/thumb/v7-m\libc_nano.a(lib_a-impure.o)
                0x20000010                _impure_ptr
 .data.impure_data
                0x20000014       0x60 c:/ac6/systemworkbench/plugins/fr.ac6.mcu.externaltools.arm-none.win32_1.16.0.201807130628/tools/compiler/bin/../lib/gcc/arm-none-eabi/7.2.1/../../../../arm-none-eabi/lib/thumb/v7-m\libc_nano.a(lib_a-impure.o)
 .data.__global_locale
                0x20000074      0x16c c:/ac6/systemworkbench/plugins/fr.ac6.mcu.externaltools.arm-none.win32_1.16.0.201807130628/tools/compiler/bin/../lib/gcc/arm-none-eabi/7.2.1/../../../../arm-none-eabi/lib/thumb/v7-m\libc_nano.a(lib_a-locale.o)
                0x20000074                __global_locale
                0x200001e0                . = ALIGN (0x4)
                0x200001e0                _edata = .

.igot.plt       0x200001e0        0x0 load address 0x080057b8
 .igot.plt      0x200001e0        0x0 c:/ac6/systemworkbench/plugins/fr.ac6.mcu.externaltools.arm-none.win32_1.16.0.201807130628/tools/compiler/bin/../lib/gcc/arm-none-eabi/7.2.1/thumb/v7-m/crtbegin.o
                0x200001e0                . = ALIGN (0x4)

.bss            0x200001e0       0x64 load address 0x080057b8
                0x200001e0                _sbss = .
                0x200001e0                __bss_start__ = _sbss
 *(.bss)
 .bss           0x200001e0       0x1c c:/ac6/systemworkbench/plugins/fr.ac6.mcu.externaltools.arm-none.win32_1.16.0.201807130628/tools/compiler/bin/../lib/gcc/arm-none-eabi/7.2.1/thumb/v7-m/crtbegin.o
 .bss           0x200001fc        0x8 Src/syscalls.o
                0x20000200                __env
 *(.bss*)
 .bss.__malloc_free_list
                0x20000204        0x4 c:/ac6/systemworkbench/plugins/fr.ac6.mcu.externaltools.arm-none.win32_1.16.0.201807130628/tools/compiler/bin/../lib/gcc/arm-none-eabi/7.2.1/../../../../arm-none-eabi/lib/thumb/v7-m\libc_nano.a(lib_a-nano-mallocr.o)
                0x20000204                __malloc_free_list
 .bss.__malloc_sbrk_start
                0x20000208        0x4 c:/ac6/systemworkbench/plugins/fr.ac6.mcu.externaltools.arm-none.win32_1.16.0.201807130628/tools/compiler/bin/../lib/gcc/arm-none-eabi/7.2.1/../../../../arm-none-eabi/lib/thumb/v7-m\libc_nano.a(lib_a-nano-mallocr.o)
                0x20000208                __malloc_sbrk_start
 *(COMMON)
 COMMON         0x2000020c        0x4 Drivers/STM32F1xx_HAL_Driver/Src/stm32f1xx_hal.o
                0x2000020c                uwTick
 COMMON         0x20000210       0x30 Src/main.o
                0x20000210                hadc1
 COMMON         0x20000240        0x4 c:/ac6/systemworkbench/plugins/fr.ac6.mcu.externaltools.arm-none.win32_1.16.0.201807130628/tools/compiler/bin/../lib/gcc/arm-none-eabi/7.2.1/../../../../arm-none-eabi/lib/thumb/v7-m\libc_nano.a(lib_a-reent.o)
                0x20000240                errno
                0x20000244                . = ALIGN (0x4)
                0x20000244                _ebss = .
                0x20000244                __bss_end__ = _ebss

._user_heap_stack
                0x20000244      0x604 load address 0x080057b8
                0x20000248                . = ALIGN (0x8)
 *fill*         0x20000244        0x4 
                0x20000248                PROVIDE (end, .)
                [!provide]                PROVIDE (_end, .)
                0x20000448                . = (. + _Min_Heap_Size)
 *fill*         0x20000248      0x200 
                0x20000848                . = (. + _Min_Stack_Size)
 *fill*         0x20000448      0x400 
                0x20000848                . = ALIGN (0x8)

/DISCARD/
 libc.a(*)
 libm.a(*)
 libgcc.a(*)

.ARM.attributes
                0x00000000       0x29
 *(.ARM.attributes)
 .ARM.attributes
                0x00000000       0x1d c:/ac6/systemworkbench/plugins/fr.ac6.mcu.externaltools.arm-none.win32_1.16.0.201807130628/tools/compiler/bin/../lib/gcc/arm-none-eabi/7.2.1/thumb/v7-m/crti.o
 .ARM.attributes
                0x0000001d       0x2d c:/ac6/systemworkbench/plugins/fr.ac6.mcu.externaltools.arm-none.win32_1.16.0.201807130628/tools/compiler/bin/../lib/gcc/arm-none-eabi/7.2.1/thumb/v7-m/crtbegin.o
 .ARM.attributes
                0x0000004a       0x33 Drivers/STM32F1xx_HAL_Driver/Src/stm32f1xx_hal.o
 .ARM.attributes
                0x0000007d       0x33 Drivers/STM32F1xx_HAL_Driver/Src/stm32f1xx_hal_adc.o
 .ARM.attributes
                0x000000b0       0x33 Drivers/STM32F1xx_HAL_Driver/Src/stm32f1xx_hal_cortex.o
 .ARM.attributes
                0x000000e3       0x33 Drivers/STM32F1xx_HAL_Driver/Src/stm32f1xx_hal_gpio.o
 .ARM.attributes
                0x00000116       0x33 Drivers/STM32F1xx_HAL_Driver/Src/stm32f1xx_hal_rcc.o
 .ARM.attributes
                0x00000149       0x33 Drivers/STM32F1xx_HAL_Driver/Src/stm32f1xx_hal_rcc_ex.o
 .ARM.attributes
                0x0000017c       0x33 Src/LCD.o
 .ARM.attributes
                0x000001af       0x33 Src/main.o
 .ARM.attributes
                0x000001e2       0x33 Src/stm32f1xx_hal_msp.o
 .ARM.attributes
                0x00000215       0x33 Src/stm32f1xx_it.o
 .ARM.attributes
                0x00000248       0x33 Src/syscalls.o
 .ARM.attributes
                0x0000027b       0x33 Src/system_stm32f1xx.o
 .ARM.attributes
                0x000002ae       0x21 startup/startup_stm32f103xb.o
 .ARM.attributes
                0x000002cf       0x2d c:/ac6/systemworkbench/plugins/fr.ac6.mcu.externaltools.arm-none.win32_1.16.0.201807130628/tools/compiler/bin/../lib/gcc/arm-none-eabi/7.2.1/../../../../arm-none-eabi/lib/thumb/v7-m\libm.a(lib_a-w_log.o)
 .ARM.attributes
                0x000002fc       0x2d c:/ac6/systemworkbench/plugins/fr.ac6.mcu.externaltools.arm-none.win32_1.16.0.201807130628/tools/compiler/bin/../lib/gcc/arm-none-eabi/7.2.1/../../../../arm-none-eabi/lib/thumb/v7-m\libm.a(lib_a-e_log.o)
 .ARM.attributes
                0x00000329       0x2d c:/ac6/systemworkbench/plugins/fr.ac6.mcu.externaltools.arm-none.win32_1.16.0.201807130628/tools/compiler/bin/../lib/gcc/arm-none-eabi/7.2.1/../../../../arm-none-eabi/lib/thumb/v7-m\libm.a(lib_a-s_lib_ver.o)
 .ARM.attributes
                0x00000356       0x2d c:/ac6/systemworkbench/plugins/fr.ac6.mcu.externaltools.arm-none.win32_1.16.0.201807130628/tools/compiler/bin/../lib/gcc/arm-none-eabi/7.2.1/../../../../arm-none-eabi/lib/thumb/v7-m\libm.a(lib_a-s_matherr.o)
 .ARM.attributes
                0x00000383       0x2d c:/ac6/systemworkbench/plugins/fr.ac6.mcu.externaltools.arm-none.win32_1.16.0.201807130628/tools/compiler/bin/../lib/gcc/arm-none-eabi/7.2.1/../../../../arm-none-eabi/lib/thumb/v7-m\libm.a(lib_a-s_nan.o)
 .ARM.attributes
                0x000003b0       0x1d c:/ac6/systemworkbench/plugins/fr.ac6.mcu.externaltools.arm-none.win32_1.16.0.201807130628/tools/compiler/bin/../lib/gcc/arm-none-eabi/7.2.1/thumb/v7-m\libgcc.a(_arm_addsubdf3.o)
 .ARM.attributes
                0x000003cd       0x1d c:/ac6/systemworkbench/plugins/fr.ac6.mcu.externaltools.arm-none.win32_1.16.0.201807130628/tools/compiler/bin/../lib/gcc/arm-none-eabi/7.2.1/thumb/v7-m\libgcc.a(_arm_muldivdf3.o)
 .ARM.attributes
                0x000003ea       0x1d c:/ac6/systemworkbench/plugins/fr.ac6.mcu.externaltools.arm-none.win32_1.16.0.201807130628/tools/compiler/bin/../lib/gcc/arm-none-eabi/7.2.1/thumb/v7-m\libgcc.a(_arm_cmpdf2.o)
 .ARM.attributes
                0x00000407       0x1d c:/ac6/systemworkbench/plugins/fr.ac6.mcu.externaltools.arm-none.win32_1.16.0.201807130628/tools/compiler/bin/../lib/gcc/arm-none-eabi/7.2.1/thumb/v7-m\libgcc.a(_arm_unorddf2.o)
 .ARM.attributes
                0x00000424       0x1d c:/ac6/systemworkbench/plugins/fr.ac6.mcu.externaltools.arm-none.win32_1.16.0.201807130628/tools/compiler/bin/../lib/gcc/arm-none-eabi/7.2.1/thumb/v7-m\libgcc.a(_arm_truncdfsf2.o)
 .ARM.attributes
                0x00000441       0x1d c:/ac6/systemworkbench/plugins/fr.ac6.mcu.externaltools.arm-none.win32_1.16.0.201807130628/tools/compiler/bin/../lib/gcc/arm-none-eabi/7.2.1/thumb/v7-m\libgcc.a(_arm_addsubsf3.o)
 .ARM.attributes
                0x0000045e       0x1d c:/ac6/systemworkbench/plugins/fr.ac6.mcu.externaltools.arm-none.win32_1.16.0.201807130628/tools/compiler/bin/../lib/gcc/arm-none-eabi/7.2.1/thumb/v7-m\libgcc.a(_arm_muldivsf3.o)
 .ARM.attributes
                0x0000047b       0x2d c:/ac6/systemworkbench/plugins/fr.ac6.mcu.externaltools.arm-none.win32_1.16.0.201807130628/tools/compiler/bin/../lib/gcc/arm-none-eabi/7.2.1/../../../../arm-none-eabi/lib/thumb/v7-m\libc_nano.a(lib_a-errno.o)
 .ARM.attributes
                0x000004a8       0x2d c:/ac6/systemworkbench/plugins/fr.ac6.mcu.externaltools.arm-none.win32_1.16.0.201807130628/tools/compiler/bin/../lib/gcc/arm-none-eabi/7.2.1/../../../../arm-none-eabi/lib/thumb/v7-m\libc_nano.a(lib_a-impure.o)
 .ARM.attributes
                0x000004d5       0x2d c:/ac6/systemworkbench/plugins/fr.ac6.mcu.externaltools.arm-none.win32_1.16.0.201807130628/tools/compiler/bin/../lib/gcc/arm-none-eabi/7.2.1/../../../../arm-none-eabi/lib/thumb/v7-m\libc_nano.a(lib_a-init.o)
 .ARM.attributes
                0x00000502       0x2d c:/ac6/systemworkbench/plugins/fr.ac6.mcu.externaltools.arm-none.win32_1.16.0.201807130628/tools/compiler/bin/../lib/gcc/arm-none-eabi/7.2.1/../../../../arm-none-eabi/lib/thumb/v7-m\libc_nano.a(lib_a-memset.o)
 .ARM.attributes
                0x0000052f       0x2d c:/ac6/systemworkbench/plugins/fr.ac6.mcu.externaltools.arm-none.win32_1.16.0.201807130628/tools/compiler/bin/../lib/gcc/arm-none-eabi/7.2.1/../../../../arm-none-eabi/lib/thumb/v7-m\libc_nano.a(lib_a-nano-vfprintf_float.o)
 .ARM.attributes
                0x0000055c       0x2d c:/ac6/systemworkbench/plugins/fr.ac6.mcu.externaltools.arm-none.win32_1.16.0.201807130628/tools/compiler/bin/../lib/gcc/arm-none-eabi/7.2.1/../../../../arm-none-eabi/lib/thumb/v7-m\libc_nano.a(lib_a-nano-vfprintf_i.o)
 .ARM.attributes
                0x00000589       0x2d c:/ac6/systemworkbench/plugins/fr.ac6.mcu.externaltools.arm-none.win32_1.16.0.201807130628/tools/compiler/bin/../lib/gcc/arm-none-eabi/7.2.1/../../../../arm-none-eabi/lib/thumb/v7-m\libc_nano.a(lib_a-printf.o)
 .ARM.attributes
                0x000005b6       0x2d c:/ac6/systemworkbench/plugins/fr.ac6.mcu.externaltools.arm-none.win32_1.16.0.201807130628/tools/compiler/bin/../lib/gcc/arm-none-eabi/7.2.1/../../../../arm-none-eabi/lib/thumb/v7-m\libc_nano.a(lib_a-putchar.o)
 .ARM.attributes
                0x000005e3       0x2d c:/ac6/systemworkbench/plugins/fr.ac6.mcu.externaltools.arm-none.win32_1.16.0.201807130628/tools/compiler/bin/../lib/gcc/arm-none-eabi/7.2.1/../../../../arm-none-eabi/lib/thumb/v7-m\libc_nano.a(lib_a-setvbuf.o)
 .ARM.attributes
                0x00000610       0x17 c:/ac6/systemworkbench/plugins/fr.ac6.mcu.externaltools.arm-none.win32_1.16.0.201807130628/tools/compiler/bin/../lib/gcc/arm-none-eabi/7.2.1/../../../../arm-none-eabi/lib/thumb/v7-m\libc_nano.a(lib_a-strlen.o)
 .ARM.attributes
                0x00000627       0x2d c:/ac6/systemworkbench/plugins/fr.ac6.mcu.externaltools.arm-none.win32_1.16.0.201807130628/tools/compiler/bin/../lib/gcc/arm-none-eabi/7.2.1/../../../../arm-none-eabi/lib/thumb/v7-m\libc_nano.a(lib_a-dtoa.o)
 .ARM.attributes
                0x00000654       0x2d c:/ac6/systemworkbench/plugins/fr.ac6.mcu.externaltools.arm-none.win32_1.16.0.201807130628/tools/compiler/bin/../lib/gcc/arm-none-eabi/7.2.1/../../../../arm-none-eabi/lib/thumb/v7-m\libc_nano.a(lib_a-fflush.o)
 .ARM.attributes
                0x00000681       0x2d c:/ac6/systemworkbench/plugins/fr.ac6.mcu.externaltools.arm-none.win32_1.16.0.201807130628/tools/compiler/bin/../lib/gcc/arm-none-eabi/7.2.1/../../../../arm-none-eabi/lib/thumb/v7-m\libc_nano.a(lib_a-findfp.o)
 .ARM.attributes
                0x000006ae       0x2d c:/ac6/systemworkbench/plugins/fr.ac6.mcu.externaltools.arm-none.win32_1.16.0.201807130628/tools/compiler/bin/../lib/gcc/arm-none-eabi/7.2.1/../../../../arm-none-eabi/lib/thumb/v7-m\libc_nano.a(lib_a-fwalk.o)
 .ARM.attributes
                0x000006db       0x2d c:/ac6/systemworkbench/plugins/fr.ac6.mcu.externaltools.arm-none.win32_1.16.0.201807130628/tools/compiler/bin/../lib/gcc/arm-none-eabi/7.2.1/../../../../arm-none-eabi/lib/thumb/v7-m\libc_nano.a(lib_a-localeconv.o)
 .ARM.attributes
                0x00000708       0x2d c:/ac6/systemworkbench/plugins/fr.ac6.mcu.externaltools.arm-none.win32_1.16.0.201807130628/tools/compiler/bin/../lib/gcc/arm-none-eabi/7.2.1/../../../../arm-none-eabi/lib/thumb/v7-m\libc_nano.a(lib_a-makebuf.o)
 .ARM.attributes
                0x00000735       0x2d c:/ac6/systemworkbench/plugins/fr.ac6.mcu.externaltools.arm-none.win32_1.16.0.201807130628/tools/compiler/bin/../lib/gcc/arm-none-eabi/7.2.1/../../../../arm-none-eabi/lib/thumb/v7-m\libc_nano.a(lib_a-malloc.o)
 .ARM.attributes
                0x00000762       0x2d c:/ac6/systemworkbench/plugins/fr.ac6.mcu.externaltools.arm-none.win32_1.16.0.201807130628/tools/compiler/bin/../lib/gcc/arm-none-eabi/7.2.1/../../../../arm-none-eabi/lib/thumb/v7-m\libc_nano.a(lib_a-memchr-stub.o)
 .ARM.attributes
                0x0000078f       0x2d c:/ac6/systemworkbench/plugins/fr.ac6.mcu.externaltools.arm-none.win32_1.16.0.201807130628/tools/compiler/bin/../lib/gcc/arm-none-eabi/7.2.1/../../../../arm-none-eabi/lib/thumb/v7-m\libc_nano.a(lib_a-memcpy-stub.o)
 .ARM.attributes
                0x000007bc       0x2d c:/ac6/systemworkbench/plugins/fr.ac6.mcu.externaltools.arm-none.win32_1.16.0.201807130628/tools/compiler/bin/../lib/gcc/arm-none-eabi/7.2.1/../../../../arm-none-eabi/lib/thumb/v7-m\libc_nano.a(lib_a-mprec.o)
 .ARM.attributes
                0x000007e9       0x2d c:/ac6/systemworkbench/plugins/fr.ac6.mcu.externaltools.arm-none.win32_1.16.0.201807130628/tools/compiler/bin/../lib/gcc/arm-none-eabi/7.2.1/../../../../arm-none-eabi/lib/thumb/v7-m\libc_nano.a(lib_a-nano-callocr.o)
 .ARM.attributes
                0x00000816       0x2d c:/ac6/systemworkbench/plugins/fr.ac6.mcu.externaltools.arm-none.win32_1.16.0.201807130628/tools/compiler/bin/../lib/gcc/arm-none-eabi/7.2.1/../../../../arm-none-eabi/lib/thumb/v7-m\libc_nano.a(lib_a-nano-freer.o)
 .ARM.attributes
                0x00000843       0x2d c:/ac6/systemworkbench/plugins/fr.ac6.mcu.externaltools.arm-none.win32_1.16.0.201807130628/tools/compiler/bin/../lib/gcc/arm-none-eabi/7.2.1/../../../../arm-none-eabi/lib/thumb/v7-m\libc_nano.a(lib_a-nano-mallocr.o)
 .ARM.attributes
                0x00000870       0x2d c:/ac6/systemworkbench/plugins/fr.ac6.mcu.externaltools.arm-none.win32_1.16.0.201807130628/tools/compiler/bin/../lib/gcc/arm-none-eabi/7.2.1/../../../../arm-none-eabi/lib/thumb/v7-m\libc_nano.a(lib_a-nano-vfprintf.o)
 .ARM.attributes
                0x0000089d       0x2d c:/ac6/systemworkbench/plugins/fr.ac6.mcu.externaltools.arm-none.win32_1.16.0.201807130628/tools/compiler/bin/../lib/gcc/arm-none-eabi/7.2.1/../../../../arm-none-eabi/lib/thumb/v7-m\libc_nano.a(lib_a-putc.o)
 .ARM.attributes
                0x000008ca       0x2d c:/ac6/systemworkbench/plugins/fr.ac6.mcu.externaltools.arm-none.win32_1.16.0.201807130628/tools/compiler/bin/../lib/gcc/arm-none-eabi/7.2.1/../../../../arm-none-eabi/lib/thumb/v7-m\libc_nano.a(lib_a-sbrkr.o)
 .ARM.attributes
                0x000008f7       0x2d c:/ac6/systemworkbench/plugins/fr.ac6.mcu.externaltools.arm-none.win32_1.16.0.201807130628/tools/compiler/bin/../lib/gcc/arm-none-eabi/7.2.1/../../../../arm-none-eabi/lib/thumb/v7-m\libc_nano.a(lib_a-stdio.o)
 .ARM.attributes
                0x00000924       0x2d c:/ac6/systemworkbench/plugins/fr.ac6.mcu.externaltools.arm-none.win32_1.16.0.201807130628/tools/compiler/bin/../lib/gcc/arm-none-eabi/7.2.1/../../../../arm-none-eabi/lib/thumb/v7-m\libc_nano.a(lib_a-wbuf.o)
 .ARM.attributes
                0x00000951       0x2d c:/ac6/systemworkbench/plugins/fr.ac6.mcu.externaltools.arm-none.win32_1.16.0.201807130628/tools/compiler/bin/../lib/gcc/arm-none-eabi/7.2.1/../../../../arm-none-eabi/lib/thumb/v7-m\libc_nano.a(lib_a-writer.o)
 .ARM.attributes
                0x0000097e       0x2d c:/ac6/systemworkbench/plugins/fr.ac6.mcu.externaltools.arm-none.win32_1.16.0.201807130628/tools/compiler/bin/../lib/gcc/arm-none-eabi/7.2.1/../../../../arm-none-eabi/lib/thumb/v7-m\libc_nano.a(lib_a-wsetup.o)
 .ARM.attributes
                0x000009ab       0x2d c:/ac6/systemworkbench/plugins/fr.ac6.mcu.externaltools.arm-none.win32_1.16.0.201807130628/tools/compiler/bin/../lib/gcc/arm-none-eabi/7.2.1/../../../../arm-none-eabi/lib/thumb/v7-m\libc_nano.a(lib_a-closer.o)
 .ARM.attributes
                0x000009d8       0x2d c:/ac6/systemworkbench/plugins/fr.ac6.mcu.externaltools.arm-none.win32_1.16.0.201807130628/tools/compiler/bin/../lib/gcc/arm-none-eabi/7.2.1/../../../../arm-none-eabi/lib/thumb/v7-m\libc_nano.a(lib_a-fstatr.o)
 .ARM.attributes
                0x00000a05       0x2d c:/ac6/systemworkbench/plugins/fr.ac6.mcu.externaltools.arm-none.win32_1.16.0.201807130628/tools/compiler/bin/../lib/gcc/arm-none-eabi/7.2.1/../../../../arm-none-eabi/lib/thumb/v7-m\libc_nano.a(lib_a-isattyr.o)
 .ARM.attributes
                0x00000a32       0x2d c:/ac6/systemworkbench/plugins/fr.ac6.mcu.externaltools.arm-none.win32_1.16.0.201807130628/tools/compiler/bin/../lib/gcc/arm-none-eabi/7.2.1/../../../../arm-none-eabi/lib/thumb/v7-m\libc_nano.a(lib_a-locale.o)
 .ARM.attributes
                0x00000a5f       0x2d c:/ac6/systemworkbench/plugins/fr.ac6.mcu.externaltools.arm-none.win32_1.16.0.201807130628/tools/compiler/bin/../lib/gcc/arm-none-eabi/7.2.1/../../../../arm-none-eabi/lib/thumb/v7-m\libc_nano.a(lib_a-lseekr.o)
 .ARM.attributes
                0x00000a8c       0x2d c:/ac6/systemworkbench/plugins/fr.ac6.mcu.externaltools.arm-none.win32_1.16.0.201807130628/tools/compiler/bin/../lib/gcc/arm-none-eabi/7.2.1/../../../../arm-none-eabi/lib/thumb/v7-m\libc_nano.a(lib_a-mbtowc_r.o)
 .ARM.attributes
                0x00000ab9       0x2d c:/ac6/systemworkbench/plugins/fr.ac6.mcu.externaltools.arm-none.win32_1.16.0.201807130628/tools/compiler/bin/../lib/gcc/arm-none-eabi/7.2.1/../../../../arm-none-eabi/lib/thumb/v7-m\libc_nano.a(lib_a-mlock.o)
 .ARM.attributes
                0x00000ae6       0x2d c:/ac6/systemworkbench/plugins/fr.ac6.mcu.externaltools.arm-none.win32_1.16.0.201807130628/tools/compiler/bin/../lib/gcc/arm-none-eabi/7.2.1/../../../../arm-none-eabi/lib/thumb/v7-m\libc_nano.a(lib_a-readr.o)
 .ARM.attributes
                0x00000b13       0x2d c:/ac6/systemworkbench/plugins/fr.ac6.mcu.externaltools.arm-none.win32_1.16.0.201807130628/tools/compiler/bin/../lib/gcc/arm-none-eabi/7.2.1/../../../../arm-none-eabi/lib/thumb/v7-m\libc_nano.a(lib_a-reent.o)
 .ARM.attributes
                0x00000b40       0x2d c:/ac6/systemworkbench/plugins/fr.ac6.mcu.externaltools.arm-none.win32_1.16.0.201807130628/tools/compiler/bin/../lib/gcc/arm-none-eabi/7.2.1/../../../../arm-none-eabi/lib/thumb/v7-m\libc_nano.a(lib_a-wctomb_r.o)
 .ARM.attributes
                0x00000b6d       0x2d c:/ac6/systemworkbench/plugins/fr.ac6.mcu.externaltools.arm-none.win32_1.16.0.201807130628/tools/compiler/bin/../lib/gcc/arm-none-eabi/7.2.1/../../../../arm-none-eabi/lib/thumb/v7-m\libc_nano.a(lib_a-ctype_.o)
 .ARM.attributes
                0x00000b9a       0x1d c:/ac6/systemworkbench/plugins/fr.ac6.mcu.externaltools.arm-none.win32_1.16.0.201807130628/tools/compiler/bin/../lib/gcc/arm-none-eabi/7.2.1/thumb/v7-m\libgcc.a(_arm_fixdfsi.o)
 .ARM.attributes
                0x00000bb7       0x1d c:/ac6/systemworkbench/plugins/fr.ac6.mcu.externaltools.arm-none.win32_1.16.0.201807130628/tools/compiler/bin/../lib/gcc/arm-none-eabi/7.2.1/thumb/v7-m/crtn.o
OUTPUT(TestSensor.elf elf32-littlearm)

.debug_info     0x00000000     0x7374
 .debug_info    0x00000000      0x7a9 Drivers/STM32F1xx_HAL_Driver/Src/stm32f1xx_hal.o
 .debug_info    0x000007a9      0xe60 Drivers/STM32F1xx_HAL_Driver/Src/stm32f1xx_hal_adc.o
 .debug_info    0x00001609      0xcaa Drivers/STM32F1xx_HAL_Driver/Src/stm32f1xx_hal_cortex.o
 .debug_info    0x000022b3      0x690 Drivers/STM32F1xx_HAL_Driver/Src/stm32f1xx_hal_gpio.o
 .debug_info    0x00002943      0x9e4 Drivers/STM32F1xx_HAL_Driver/Src/stm32f1xx_hal_rcc.o
 .debug_info    0x00003327      0x48c Drivers/STM32F1xx_HAL_Driver/Src/stm32f1xx_hal_rcc_ex.o
 .debug_info    0x000037b3      0x312 Src/LCD.o
 .debug_info    0x00003ac5     0x1996 Src/main.o
 .debug_info    0x0000545b      0x877 Src/stm32f1xx_hal_msp.o
 .debug_info    0x00005cd2      0x214 Src/stm32f1xx_it.o
 .debug_info    0x00005ee6     0x1036 Src/syscalls.o
 .debug_info    0x00006f1c      0x436 Src/system_stm32f1xx.o
 .debug_info    0x00007352       0x22 startup/startup_stm32f103xb.o

.debug_abbrev   0x00000000     0x184b
 .debug_abbrev  0x00000000      0x1fe Drivers/STM32F1xx_HAL_Driver/Src/stm32f1xx_hal.o
 .debug_abbrev  0x000001fe      0x1ee Drivers/STM32F1xx_HAL_Driver/Src/stm32f1xx_hal_adc.o
 .debug_abbrev  0x000003ec      0x303 Drivers/STM32F1xx_HAL_Driver/Src/stm32f1xx_hal_cortex.o
 .debug_abbrev  0x000006ef      0x1de Drivers/STM32F1xx_HAL_Driver/Src/stm32f1xx_hal_gpio.o
 .debug_abbrev  0x000008cd      0x257 Drivers/STM32F1xx_HAL_Driver/Src/stm32f1xx_hal_rcc.o
 .debug_abbrev  0x00000b24      0x1c9 Drivers/STM32F1xx_HAL_Driver/Src/stm32f1xx_hal_rcc_ex.o
 .debug_abbrev  0x00000ced       0xe2 Src/LCD.o
 .debug_abbrev  0x00000dcf      0x3d3 Src/main.o
 .debug_abbrev  0x000011a2      0x19c Src/stm32f1xx_hal_msp.o
 .debug_abbrev  0x0000133e       0xe4 Src/stm32f1xx_it.o
 .debug_abbrev  0x00001422      0x2e3 Src/syscalls.o
 .debug_abbrev  0x00001705      0x134 Src/system_stm32f1xx.o
 .debug_abbrev  0x00001839       0x12 startup/startup_stm32f103xb.o

.debug_loc      0x00000000     0x247f
 .debug_loc     0x00000000      0x104 Drivers/STM32F1xx_HAL_Driver/Src/stm32f1xx_hal.o
 .debug_loc     0x00000104      0x9fa Drivers/STM32F1xx_HAL_Driver/Src/stm32f1xx_hal_adc.o
 .debug_loc     0x00000afe      0x5ad Drivers/STM32F1xx_HAL_Driver/Src/stm32f1xx_hal_cortex.o
 .debug_loc     0x000010ab      0x3b7 Drivers/STM32F1xx_HAL_Driver/Src/stm32f1xx_hal_gpio.o
 .debug_loc     0x00001462      0x4bb Drivers/STM32F1xx_HAL_Driver/Src/stm32f1xx_hal_rcc.o
 .debug_loc     0x0000191d      0x2d0 Drivers/STM32F1xx_HAL_Driver/Src/stm32f1xx_hal_rcc_ex.o
 .debug_loc     0x00001bed      0x192 Src/LCD.o
 .debug_loc     0x00001d7f      0x1fe Src/main.o
 .debug_loc     0x00001f7d       0x74 Src/stm32f1xx_hal_msp.o
 .debug_loc     0x00001ff1      0x3af Src/syscalls.o
 .debug_loc     0x000023a0       0xdf Src/system_stm32f1xx.o

.debug_aranges  0x00000000      0x610
 .debug_aranges
                0x00000000       0xe0 Drivers/STM32F1xx_HAL_Driver/Src/stm32f1xx_hal.o
 .debug_aranges
                0x000000e0       0xf0 Drivers/STM32F1xx_HAL_Driver/Src/stm32f1xx_hal_adc.o
 .debug_aranges
                0x000001d0       0x90 Drivers/STM32F1xx_HAL_Driver/Src/stm32f1xx_hal_cortex.o
 .debug_aranges
                0x00000260       0x58 Drivers/STM32F1xx_HAL_Driver/Src/stm32f1xx_hal_gpio.o
 .debug_aranges
                0x000002b8       0x90 Drivers/STM32F1xx_HAL_Driver/Src/stm32f1xx_hal_rcc.o
 .debug_aranges
                0x00000348       0x30 Drivers/STM32F1xx_HAL_Driver/Src/stm32f1xx_hal_rcc_ex.o
 .debug_aranges
                0x00000378       0x70 Src/LCD.o
 .debug_aranges
                0x000003e8       0x98 Src/main.o
 .debug_aranges
                0x00000480       0x30 Src/stm32f1xx_hal_msp.o
 .debug_aranges
                0x000004b0       0x60 Src/stm32f1xx_it.o
 .debug_aranges
                0x00000510       0xb0 Src/syscalls.o
 .debug_aranges
                0x000005c0       0x28 Src/system_stm32f1xx.o
 .debug_aranges
                0x000005e8       0x28 startup/startup_stm32f103xb.o

.debug_ranges   0x00000000      0x5e0
 .debug_ranges  0x00000000       0xd0 Drivers/STM32F1xx_HAL_Driver/Src/stm32f1xx_hal.o
 .debug_ranges  0x000000d0       0xe0 Drivers/STM32F1xx_HAL_Driver/Src/stm32f1xx_hal_adc.o
 .debug_ranges  0x000001b0       0xe0 Drivers/STM32F1xx_HAL_Driver/Src/stm32f1xx_hal_cortex.o
 .debug_ranges  0x00000290       0x48 Drivers/STM32F1xx_HAL_Driver/Src/stm32f1xx_hal_gpio.o
 .debug_ranges  0x000002d8       0xa0 Drivers/STM32F1xx_HAL_Driver/Src/stm32f1xx_hal_rcc.o
 .debug_ranges  0x00000378       0x38 Drivers/STM32F1xx_HAL_Driver/Src/stm32f1xx_hal_rcc_ex.o
 .debug_ranges  0x000003b0       0x60 Src/LCD.o
 .debug_ranges  0x00000410       0x88 Src/main.o
 .debug_ranges  0x00000498       0x20 Src/stm32f1xx_hal_msp.o
 .debug_ranges  0x000004b8       0x50 Src/stm32f1xx_it.o
 .debug_ranges  0x00000508       0xa0 Src/syscalls.o
 .debug_ranges  0x000005a8       0x18 Src/system_stm32f1xx.o
 .debug_ranges  0x000005c0       0x20 startup/startup_stm32f103xb.o

.debug_macro    0x00000000    0x14bc4
 .debug_macro   0x00000000      0x1b3 Drivers/STM32F1xx_HAL_Driver/Src/stm32f1xx_hal.o
 .debug_macro   0x000001b3      0xa60 Drivers/STM32F1xx_HAL_Driver/Src/stm32f1xx_hal.o
 .debug_macro   0x00000c13      0x215 Drivers/STM32F1xx_HAL_Driver/Src/stm32f1xx_hal.o
 .debug_macro   0x00000e28       0x2e Drivers/STM32F1xx_HAL_Driver/Src/stm32f1xx_hal.o
 .debug_macro   0x00000e56       0x22 Drivers/STM32F1xx_HAL_Driver/Src/stm32f1xx_hal.o
 .debug_macro   0x00000e78       0x22 Drivers/STM32F1xx_HAL_Driver/Src/stm32f1xx_hal.o
 .debug_macro   0x00000e9a       0x87 Drivers/STM32F1xx_HAL_Driver/Src/stm32f1xx_hal.o
 .debug_macro   0x00000f21       0x51 Drivers/STM32F1xx_HAL_Driver/Src/stm32f1xx_hal.o
 .debug_macro   0x00000f72       0xef Drivers/STM32F1xx_HAL_Driver/Src/stm32f1xx_hal.o
 .debug_macro   0x00001061       0x6a Drivers/STM32F1xx_HAL_Driver/Src/stm32f1xx_hal.o
 .debug_macro   0x000010cb      0x1df Drivers/STM32F1xx_HAL_Driver/Src/stm32f1xx_hal.o
 .debug_macro   0x000012aa       0x1c Drivers/STM32F1xx_HAL_Driver/Src/stm32f1xx_hal.o
 .debug_macro   0x000012c6       0x22 Drivers/STM32F1xx_HAL_Driver/Src/stm32f1xx_hal.o
 .debug_macro   0x000012e8       0xc3 Drivers/STM32F1xx_HAL_Driver/Src/stm32f1xx_hal.o
 .debug_macro   0x000013ab      0xd23 Drivers/STM32F1xx_HAL_Driver/Src/stm32f1xx_hal.o
 .debug_macro   0x000020ce     0xe09e Drivers/STM32F1xx_HAL_Driver/Src/stm32f1xx_hal.o
 .debug_macro   0x0001016c       0x43 Drivers/STM32F1xx_HAL_Driver/Src/stm32f1xx_hal.o
 .debug_macro   0x000101af      0x174 Drivers/STM32F1xx_HAL_Driver/Src/stm32f1xx_hal.o
 .debug_macro   0x00010323       0x4e Drivers/STM32F1xx_HAL_Driver/Src/stm32f1xx_hal.o
 .debug_macro   0x00010371      0x5be Drivers/STM32F1xx_HAL_Driver/Src/stm32f1xx_hal.o
 .debug_macro   0x0001092f      0x289 Drivers/STM32F1xx_HAL_Driver/Src/stm32f1xx_hal.o
 .debug_macro   0x00010bb8      0x1cb Drivers/STM32F1xx_HAL_Driver/Src/stm32f1xx_hal.o
 .debug_macro   0x00010d83      0x114 Drivers/STM32F1xx_HAL_Driver/Src/stm32f1xx_hal.o
 .debug_macro   0x00010e97      0x1b2 Drivers/STM32F1xx_HAL_Driver/Src/stm32f1xx_hal.o
 .debug_macro   0x00011049       0x27 Drivers/STM32F1xx_HAL_Driver/Src/stm32f1xx_hal.o
 .debug_macro   0x00011070      0x136 Drivers/STM32F1xx_HAL_Driver/Src/stm32f1xx_hal.o
 .debug_macro   0x000111a6      0x1bc Drivers/STM32F1xx_HAL_Driver/Src/stm32f1xx_hal.o
 .debug_macro   0x00011362       0x34 Drivers/STM32F1xx_HAL_Driver/Src/stm32f1xx_hal.o
 .debug_macro   0x00011396       0x3c Drivers/STM32F1xx_HAL_Driver/Src/stm32f1xx_hal.o
 .debug_macro   0x000113d2       0x57 Drivers/STM32F1xx_HAL_Driver/Src/stm32f1xx_hal.o
 .debug_macro   0x00011429      0x46a Drivers/STM32F1xx_HAL_Driver/Src/stm32f1xx_hal.o
 .debug_macro   0x00011893      0x1b5 Drivers/STM32F1xx_HAL_Driver/Src/stm32f1xx_hal.o
 .debug_macro   0x00011a48       0x88 Drivers/STM32F1xx_HAL_Driver/Src/stm32f1xx_hal.o
 .debug_macro   0x00011ad0      0x241 Drivers/STM32F1xx_HAL_Driver/Src/stm32f1xx_hal.o
 .debug_macro   0x00011d11      0x141 Drivers/STM32F1xx_HAL_Driver/Src/stm32f1xx_hal.o
 .debug_macro   0x00011e52       0x83 Drivers/STM32F1xx_HAL_Driver/Src/stm32f1xx_hal.o
 .debug_macro   0x00011ed5      0x1ac Drivers/STM32F1xx_HAL_Driver/Src/stm32f1xx_hal_adc.o
 .debug_macro   0x00012081      0x18f Drivers/STM32F1xx_HAL_Driver/Src/stm32f1xx_hal_cortex.o
 .debug_macro   0x00012210      0x1fa Drivers/STM32F1xx_HAL_Driver/Src/stm32f1xx_hal_gpio.o
 .debug_macro   0x0001240a      0x1a1 Drivers/STM32F1xx_HAL_Driver/Src/stm32f1xx_hal_rcc.o
 .debug_macro   0x000125ab      0x18f Drivers/STM32F1xx_HAL_Driver/Src/stm32f1xx_hal_rcc_ex.o
 .debug_macro   0x0001273a       0x72 Src/LCD.o
 .debug_macro   0x000127ac       0xb2 Src/LCD.o
 .debug_macro   0x0001285e      0x33b Src/main.o
 .debug_macro   0x00012b99       0x88 Src/main.o
 .debug_macro   0x00012c21       0x58 Src/main.o
 .debug_macro   0x00012c79       0x17 Src/main.o
 .debug_macro   0x00012c90       0x35 Src/main.o
 .debug_macro   0x00012cc5       0x9c Src/main.o
 .debug_macro   0x00012d61       0x16 Src/main.o
 .debug_macro   0x00012d77       0x35 Src/main.o
 .debug_macro   0x00012dac      0x32a Src/main.o
 .debug_macro   0x000130d6       0x10 Src/main.o
 .debug_macro   0x000130e6       0x58 Src/main.o
 .debug_macro   0x0001313e       0x1f Src/main.o
 .debug_macro   0x0001315d       0x43 Src/main.o
 .debug_macro   0x000131a0       0x20 Src/main.o
 .debug_macro   0x000131c0      0x18e Src/main.o
 .debug_macro   0x0001334e       0x10 Src/main.o
 .debug_macro   0x0001335e       0x1c Src/main.o
 .debug_macro   0x0001337a       0x52 Src/main.o
 .debug_macro   0x000133cc       0x40 Src/main.o
 .debug_macro   0x0001340c       0x10 Src/main.o
 .debug_macro   0x0001341c       0x40 Src/main.o
 .debug_macro   0x0001345c       0xd7 Src/main.o
 .debug_macro   0x00013533       0x1c Src/main.o
 .debug_macro   0x0001354f       0x3d Src/main.o
 .debug_macro   0x0001358c       0x16 Src/main.o
 .debug_macro   0x000135a2      0x16f Src/main.o
 .debug_macro   0x00013711      0x1e1 Src/main.o
 .debug_macro   0x000138f2       0x16 Src/main.o
 .debug_macro   0x00013908       0xb8 Src/main.o
 .debug_macro   0x000139c0      0x19e Src/stm32f1xx_hal_msp.o
 .debug_macro   0x00013b5e      0x1a8 Src/stm32f1xx_it.o
 .debug_macro   0x00013d06      0x243 Src/syscalls.o
 .debug_macro   0x00013f49       0x52 Src/syscalls.o
 .debug_macro   0x00013f9b       0x8d Src/syscalls.o
 .debug_macro   0x00014028       0x57 Src/syscalls.o
 .debug_macro   0x0001407f      0x330 Src/syscalls.o
 .debug_macro   0x000143af       0x10 Src/syscalls.o
 .debug_macro   0x000143bf       0x10 Src/syscalls.o
 .debug_macro   0x000143cf       0x10 Src/syscalls.o
 .debug_macro   0x000143df       0x35 Src/syscalls.o
 .debug_macro   0x00014414      0x122 Src/syscalls.o
 .debug_macro   0x00014536       0x16 Src/syscalls.o
 .debug_macro   0x0001454c       0x16 Src/syscalls.o
 .debug_macro   0x00014562       0x29 Src/syscalls.o
 .debug_macro   0x0001458b       0x10 Src/syscalls.o
 .debug_macro   0x0001459b      0x241 Src/syscalls.o
 .debug_macro   0x000147dc       0x1c Src/syscalls.o
 .debug_macro   0x000147f8       0x10 Src/syscalls.o
 .debug_macro   0x00014808      0x189 Src/syscalls.o
 .debug_macro   0x00014991       0x16 Src/syscalls.o
 .debug_macro   0x000149a7       0x88 Src/syscalls.o
 .debug_macro   0x00014a2f      0x195 Src/system_stm32f1xx.o

.debug_line     0x00000000     0x557c
 .debug_line    0x00000000      0x792 Drivers/STM32F1xx_HAL_Driver/Src/stm32f1xx_hal.o
 .debug_line    0x00000792      0xb01 Drivers/STM32F1xx_HAL_Driver/Src/stm32f1xx_hal_adc.o
 .debug_line    0x00001293      0x7a0 Drivers/STM32F1xx_HAL_Driver/Src/stm32f1xx_hal_cortex.o
 .debug_line    0x00001a33      0x765 Drivers/STM32F1xx_HAL_Driver/Src/stm32f1xx_hal_gpio.o
 .debug_line    0x00002198      0x89b Drivers/STM32F1xx_HAL_Driver/Src/stm32f1xx_hal_rcc.o
 .debug_line    0x00002a33      0x67e Drivers/STM32F1xx_HAL_Driver/Src/stm32f1xx_hal_rcc_ex.o
 .debug_line    0x000030b1      0x3b1 Src/LCD.o
 .debug_line    0x00003462      0x8a7 Src/main.o
 .debug_line    0x00003d09      0x5ef Src/stm32f1xx_hal_msp.o
 .debug_line    0x000042f8      0x648 Src/stm32f1xx_it.o
 .debug_line    0x00004940      0x5d4 Src/syscalls.o
 .debug_line    0x00004f14      0x5eb Src/system_stm32f1xx.o
 .debug_line    0x000054ff       0x7d startup/startup_stm32f103xb.o

.debug_str      0x00000000    0x6ed6a
 .debug_str     0x00000000    0x67a06 Drivers/STM32F1xx_HAL_Driver/Src/stm32f1xx_hal.o
                              0x67d45 (size before relaxing)
 .debug_str     0x00067a06      0x6d8 Drivers/STM32F1xx_HAL_Driver/Src/stm32f1xx_hal_adc.o
                              0x67d6e (size before relaxing)
 .debug_str     0x000680de      0x2e1 Drivers/STM32F1xx_HAL_Driver/Src/stm32f1xx_hal_cortex.o
                              0x67d0e (size before relaxing)
 .debug_str     0x000683bf      0x3a9 Drivers/STM32F1xx_HAL_Driver/Src/stm32f1xx_hal_gpio.o
                              0x67a39 (size before relaxing)
 .debug_str     0x00068768      0x373 Drivers/STM32F1xx_HAL_Driver/Src/stm32f1xx_hal_rcc.o
                              0x67a99 (size before relaxing)
 .debug_str     0x00068adb      0x110 Drivers/STM32F1xx_HAL_Driver/Src/stm32f1xx_hal_rcc_ex.o
                              0x67820 (size before relaxing)
 .debug_str     0x00068beb      0x332 Src/LCD.o
                               0x3f13 (size before relaxing)
 .debug_str     0x00068f1d     0x4ad7 Src/main.o
                              0x6ca8c (size before relaxing)
 .debug_str     0x0006d9f4       0x1b Src/stm32f1xx_hal_msp.o
                              0x67c24 (size before relaxing)
 .debug_str     0x0006da0f       0xb8 Src/stm32f1xx_it.o
                              0x678ad (size before relaxing)
 .debug_str     0x0006dac7     0x120a Src/syscalls.o
                               0x86d0 (size before relaxing)
 .debug_str     0x0006ecd1       0x69 Src/system_stm32f1xx.o
                              0x676ea (size before relaxing)
 .debug_str     0x0006ed3a       0x30 startup/startup_stm32f103xb.o
                                 0x51 (size before relaxing)

.comment        0x00000000       0x7e
 .comment       0x00000000       0x7e Drivers/STM32F1xx_HAL_Driver/Src/stm32f1xx_hal.o
                                 0x7f (size before relaxing)
 .comment       0x0000007e       0x7f Drivers/STM32F1xx_HAL_Driver/Src/stm32f1xx_hal_adc.o
 .comment       0x0000007e       0x7f Drivers/STM32F1xx_HAL_Driver/Src/stm32f1xx_hal_cortex.o
 .comment       0x0000007e       0x7f Drivers/STM32F1xx_HAL_Driver/Src/stm32f1xx_hal_gpio.o
 .comment       0x0000007e       0x7f Drivers/STM32F1xx_HAL_Driver/Src/stm32f1xx_hal_rcc.o
 .comment       0x0000007e       0x7f Drivers/STM32F1xx_HAL_Driver/Src/stm32f1xx_hal_rcc_ex.o
 .comment       0x0000007e       0x7f Src/LCD.o
 .comment       0x0000007e       0x7f Src/main.o
 .comment       0x0000007e       0x7f Src/stm32f1xx_hal_msp.o
 .comment       0x0000007e       0x7f Src/stm32f1xx_it.o
 .comment       0x0000007e       0x7f Src/syscalls.o
 .comment       0x0000007e       0x7f Src/system_stm32f1xx.o

.debug_frame    0x00000000     0x1f10
 .debug_frame   0x00000000      0x1d0 Drivers/STM32F1xx_HAL_Driver/Src/stm32f1xx_hal.o
 .debug_frame   0x000001d0      0x2c4 Drivers/STM32F1xx_HAL_Driver/Src/stm32f1xx_hal_adc.o
 .debug_frame   0x00000494      0x12c Drivers/STM32F1xx_HAL_Driver/Src/stm32f1xx_hal_cortex.o
 .debug_frame   0x000005c0       0xe8 Drivers/STM32F1xx_HAL_Driver/Src/stm32f1xx_hal_gpio.o
 .debug_frame   0x000006a8      0x198 Drivers/STM32F1xx_HAL_Driver/Src/stm32f1xx_hal_rcc.o
 .debug_frame   0x00000840       0x6c Drivers/STM32F1xx_HAL_Driver/Src/stm32f1xx_hal_rcc_ex.o
 .debug_frame   0x000008ac      0x11c Src/LCD.o
 .debug_frame   0x000009c8      0x1c0 Src/main.o
 .debug_frame   0x00000b88       0x60 Src/stm32f1xx_hal_msp.o
 .debug_frame   0x00000be8       0xa8 Src/stm32f1xx_it.o
 .debug_frame   0x00000c90      0x1b0 Src/syscalls.o
 .debug_frame   0x00000e40       0x30 Src/system_stm32f1xx.o
 .debug_frame   0x00000e70       0x40 c:/ac6/systemworkbench/plugins/fr.ac6.mcu.externaltools.arm-none.win32_1.16.0.201807130628/tools/compiler/bin/../lib/gcc/arm-none-eabi/7.2.1/../../../../arm-none-eabi/lib/thumb/v7-m\libm.a(lib_a-w_log.o)
 .debug_frame   0x00000eb0       0x4c c:/ac6/systemworkbench/plugins/fr.ac6.mcu.externaltools.arm-none.win32_1.16.0.201807130628/tools/compiler/bin/../lib/gcc/arm-none-eabi/7.2.1/../../../../arm-none-eabi/lib/thumb/v7-m\libm.a(lib_a-e_log.o)
 .debug_frame   0x00000efc       0x20 c:/ac6/systemworkbench/plugins/fr.ac6.mcu.externaltools.arm-none.win32_1.16.0.201807130628/tools/compiler/bin/../lib/gcc/arm-none-eabi/7.2.1/../../../../arm-none-eabi/lib/thumb/v7-m\libm.a(lib_a-s_matherr.o)
 .debug_frame   0x00000f1c       0x20 c:/ac6/systemworkbench/plugins/fr.ac6.mcu.externaltools.arm-none.win32_1.16.0.201807130628/tools/compiler/bin/../lib/gcc/arm-none-eabi/7.2.1/../../../../arm-none-eabi/lib/thumb/v7-m\libm.a(lib_a-s_nan.o)
 .debug_frame   0x00000f3c       0xac c:/ac6/systemworkbench/plugins/fr.ac6.mcu.externaltools.arm-none.win32_1.16.0.201807130628/tools/compiler/bin/../lib/gcc/arm-none-eabi/7.2.1/thumb/v7-m\libgcc.a(_arm_addsubdf3.o)
 .debug_frame   0x00000fe8       0x50 c:/ac6/systemworkbench/plugins/fr.ac6.mcu.externaltools.arm-none.win32_1.16.0.201807130628/tools/compiler/bin/../lib/gcc/arm-none-eabi/7.2.1/thumb/v7-m\libgcc.a(_arm_muldivdf3.o)
 .debug_frame   0x00001038       0xc4 c:/ac6/systemworkbench/plugins/fr.ac6.mcu.externaltools.arm-none.win32_1.16.0.201807130628/tools/compiler/bin/../lib/gcc/arm-none-eabi/7.2.1/thumb/v7-m\libgcc.a(_arm_cmpdf2.o)
 .debug_frame   0x000010fc       0x20 c:/ac6/systemworkbench/plugins/fr.ac6.mcu.externaltools.arm-none.win32_1.16.0.201807130628/tools/compiler/bin/../lib/gcc/arm-none-eabi/7.2.1/thumb/v7-m\libgcc.a(_arm_unorddf2.o)
 .debug_frame   0x0000111c       0x24 c:/ac6/systemworkbench/plugins/fr.ac6.mcu.externaltools.arm-none.win32_1.16.0.201807130628/tools/compiler/bin/../lib/gcc/arm-none-eabi/7.2.1/thumb/v7-m\libgcc.a(_arm_truncdfsf2.o)
 .debug_frame   0x00001140       0x4c c:/ac6/systemworkbench/plugins/fr.ac6.mcu.externaltools.arm-none.win32_1.16.0.201807130628/tools/compiler/bin/../lib/gcc/arm-none-eabi/7.2.1/thumb/v7-m\libgcc.a(_arm_addsubsf3.o)
 .debug_frame   0x0000118c       0x38 c:/ac6/systemworkbench/plugins/fr.ac6.mcu.externaltools.arm-none.win32_1.16.0.201807130628/tools/compiler/bin/../lib/gcc/arm-none-eabi/7.2.1/thumb/v7-m\libgcc.a(_arm_muldivsf3.o)
 .debug_frame   0x000011c4       0x20 c:/ac6/systemworkbench/plugins/fr.ac6.mcu.externaltools.arm-none.win32_1.16.0.201807130628/tools/compiler/bin/../lib/gcc/arm-none-eabi/7.2.1/../../../../arm-none-eabi/lib/thumb/v7-m\libc_nano.a(lib_a-errno.o)
 .debug_frame   0x000011e4       0x2c c:/ac6/systemworkbench/plugins/fr.ac6.mcu.externaltools.arm-none.win32_1.16.0.201807130628/tools/compiler/bin/../lib/gcc/arm-none-eabi/7.2.1/../../../../arm-none-eabi/lib/thumb/v7-m\libc_nano.a(lib_a-init.o)
 .debug_frame   0x00001210       0x20 c:/ac6/systemworkbench/plugins/fr.ac6.mcu.externaltools.arm-none.win32_1.16.0.201807130628/tools/compiler/bin/../lib/gcc/arm-none-eabi/7.2.1/../../../../arm-none-eabi/lib/thumb/v7-m\libc_nano.a(lib_a-memset.o)
 .debug_frame   0x00001230       0x90 c:/ac6/systemworkbench/plugins/fr.ac6.mcu.externaltools.arm-none.win32_1.16.0.201807130628/tools/compiler/bin/../lib/gcc/arm-none-eabi/7.2.1/../../../../arm-none-eabi/lib/thumb/v7-m\libc_nano.a(lib_a-nano-vfprintf_float.o)
 .debug_frame   0x000012c0       0x60 c:/ac6/systemworkbench/plugins/fr.ac6.mcu.externaltools.arm-none.win32_1.16.0.201807130628/tools/compiler/bin/../lib/gcc/arm-none-eabi/7.2.1/../../../../arm-none-eabi/lib/thumb/v7-m\libc_nano.a(lib_a-nano-vfprintf_i.o)
 .debug_frame   0x00001320       0x74 c:/ac6/systemworkbench/plugins/fr.ac6.mcu.externaltools.arm-none.win32_1.16.0.201807130628/tools/compiler/bin/../lib/gcc/arm-none-eabi/7.2.1/../../../../arm-none-eabi/lib/thumb/v7-m\libc_nano.a(lib_a-printf.o)
 .debug_frame   0x00001394       0x58 c:/ac6/systemworkbench/plugins/fr.ac6.mcu.externaltools.arm-none.win32_1.16.0.201807130628/tools/compiler/bin/../lib/gcc/arm-none-eabi/7.2.1/../../../../arm-none-eabi/lib/thumb/v7-m\libc_nano.a(lib_a-putchar.o)
 .debug_frame   0x000013ec       0x38 c:/ac6/systemworkbench/plugins/fr.ac6.mcu.externaltools.arm-none.win32_1.16.0.201807130628/tools/compiler/bin/../lib/gcc/arm-none-eabi/7.2.1/../../../../arm-none-eabi/lib/thumb/v7-m\libc_nano.a(lib_a-setvbuf.o)
 .debug_frame   0x00001424       0x6c c:/ac6/systemworkbench/plugins/fr.ac6.mcu.externaltools.arm-none.win32_1.16.0.201807130628/tools/compiler/bin/../lib/gcc/arm-none-eabi/7.2.1/../../../../arm-none-eabi/lib/thumb/v7-m\libc_nano.a(lib_a-dtoa.o)
 .debug_frame   0x00001490       0x68 c:/ac6/systemworkbench/plugins/fr.ac6.mcu.externaltools.arm-none.win32_1.16.0.201807130628/tools/compiler/bin/../lib/gcc/arm-none-eabi/7.2.1/../../../../arm-none-eabi/lib/thumb/v7-m\libc_nano.a(lib_a-fflush.o)
 .debug_frame   0x000014f8      0x11c c:/ac6/systemworkbench/plugins/fr.ac6.mcu.externaltools.arm-none.win32_1.16.0.201807130628/tools/compiler/bin/../lib/gcc/arm-none-eabi/7.2.1/../../../../arm-none-eabi/lib/thumb/v7-m\libc_nano.a(lib_a-findfp.o)
 .debug_frame   0x00001614       0x54 c:/ac6/systemworkbench/plugins/fr.ac6.mcu.externaltools.arm-none.win32_1.16.0.201807130628/tools/compiler/bin/../lib/gcc/arm-none-eabi/7.2.1/../../../../arm-none-eabi/lib/thumb/v7-m\libc_nano.a(lib_a-fwalk.o)
 .debug_frame   0x00001668       0x40 c:/ac6/systemworkbench/plugins/fr.ac6.mcu.externaltools.arm-none.win32_1.16.0.201807130628/tools/compiler/bin/../lib/gcc/arm-none-eabi/7.2.1/../../../../arm-none-eabi/lib/thumb/v7-m\libc_nano.a(lib_a-localeconv.o)
 .debug_frame   0x000016a8       0x58 c:/ac6/systemworkbench/plugins/fr.ac6.mcu.externaltools.arm-none.win32_1.16.0.201807130628/tools/compiler/bin/../lib/gcc/arm-none-eabi/7.2.1/../../../../arm-none-eabi/lib/thumb/v7-m\libc_nano.a(lib_a-makebuf.o)
 .debug_frame   0x00001700       0x30 c:/ac6/systemworkbench/plugins/fr.ac6.mcu.externaltools.arm-none.win32_1.16.0.201807130628/tools/compiler/bin/../lib/gcc/arm-none-eabi/7.2.1/../../../../arm-none-eabi/lib/thumb/v7-m\libc_nano.a(lib_a-malloc.o)